Component: ARM Compiler 5.06 update 6 (build 750) Tool: armlink [4d35ed]

==============================================================================

Section Cross References

    startup_stm32f103xb.o(RESET) refers to startup_stm32f103xb.o(STACK) for __initial_sp
    startup_stm32f103xb.o(RESET) refers to startup_stm32f103xb.o(.text) for Reset_Handler
    startup_stm32f103xb.o(RESET) refers to stm32f1xx_it.o(i.NMI_Handler) for NMI_Handler
    startup_stm32f103xb.o(RESET) refers to stm32f1xx_it.o(i.HardFault_Handler) for HardFault_Handler
    startup_stm32f103xb.o(RESET) refers to stm32f1xx_it.o(i.MemManage_Handler) for MemManage_Handler
    startup_stm32f103xb.o(RESET) refers to stm32f1xx_it.o(i.BusFault_Handler) for BusFault_Handler
    startup_stm32f103xb.o(RESET) refers to stm32f1xx_it.o(i.UsageFault_Handler) for UsageFault_Handler
    startup_stm32f103xb.o(RESET) refers to port.o(.emb_text) for SVC_Handler
    startup_stm32f103xb.o(RESET) refers to stm32f1xx_it.o(i.DebugMon_Handler) for DebugMon_Handler
    startup_stm32f103xb.o(RESET) refers to stm32f1xx_it.o(i.SysTick_Handler) for SysTick_Handler
    startup_stm32f103xb.o(RESET) refers to stm32f1xx_it.o(i.TIM1_UP_IRQHandler) for TIM1_UP_IRQHandler
    startup_stm32f103xb.o(RESET) refers to stm32f1xx_it.o(i.USART1_IRQHandler) for USART1_IRQHandler
    startup_stm32f103xb.o(RESET) refers to stm32f1xx_it.o(i.USART2_IRQHandler) for USART2_IRQHandler
    startup_stm32f103xb.o(.text) refers to system_stm32f1xx.o(i.SystemInit) for SystemInit
    startup_stm32f103xb.o(.text) refers to entry.o(.ARM.Collect$$$$00000000) for __main
    main.o(i.HAL_TIM_PeriodElapsedCallback) refers to stm32f1xx_hal.o(i.HAL_IncTick) for HAL_IncTick
    main.o(i.SystemClock_Config) refers to memseta.o(.text) for __aeabi_memclr4
    main.o(i.SystemClock_Config) refers to stm32f1xx_hal_rcc.o(i.HAL_RCC_OscConfig) for HAL_RCC_OscConfig
    main.o(i.SystemClock_Config) refers to main.o(i.Error_Handler) for Error_Handler
    main.o(i.SystemClock_Config) refers to stm32f1xx_hal_rcc.o(i.HAL_RCC_ClockConfig) for HAL_RCC_ClockConfig
    main.o(i.SystemClock_Config) refers to stm32f1xx_hal_rcc_ex.o(i.HAL_RCCEx_PeriphCLKConfig) for HAL_RCCEx_PeriphCLKConfig
    main.o(i.main) refers to stm32f1xx_hal.o(i.HAL_Init) for HAL_Init
    main.o(i.main) refers to main.o(i.SystemClock_Config) for SystemClock_Config
    main.o(i.main) refers to gpio.o(i.MX_GPIO_Init) for MX_GPIO_Init
    main.o(i.main) refers to adc.o(i.MX_ADC1_Init) for MX_ADC1_Init
    main.o(i.main) refers to i2c.o(i.MX_I2C2_Init) for MX_I2C2_Init
    main.o(i.main) refers to spi.o(i.MX_SPI1_Init) for MX_SPI1_Init
    main.o(i.main) refers to tim.o(i.MX_TIM2_Init) for MX_TIM2_Init
    main.o(i.main) refers to tim.o(i.MX_TIM3_Init) for MX_TIM3_Init
    main.o(i.main) refers to tim.o(i.MX_TIM4_Init) for MX_TIM4_Init
    main.o(i.main) refers to usart.o(i.MX_USART1_UART_Init) for MX_USART1_UART_Init
    main.o(i.main) refers to usart.o(i.MX_USART2_UART_Init) for MX_USART2_UART_Init
    main.o(i.main) refers to stm32f1xx_hal_tim.o(i.HAL_TIM_Encoder_Start) for HAL_TIM_Encoder_Start
    main.o(i.main) refers to stm32f1xx_hal_tim.o(i.HAL_TIM_PWM_Start) for HAL_TIM_PWM_Start
    main.o(i.main) refers to stm32f1xx_hal_uart.o(i.HAL_UARTEx_ReceiveToIdle_IT) for HAL_UARTEx_ReceiveToIdle_IT
    main.o(i.main) refers to int_mpu6050.o(i.Int_MPU6050_Init) for Int_MPU6050_Init
    main.o(i.main) refers to oled.o(i.OLED_Init) for OLED_Init
    main.o(i.main) refers to oled.o(i.OLED_Clear) for OLED_Clear
    main.o(i.main) refers to oled.o(i.OLED_ShowString) for OLED_ShowString
    main.o(i.main) refers to oled.o(i.OLED_Refresh) for OLED_Refresh
    main.o(i.main) refers to printfa.o(i.__0printf) for __2printf
    main.o(i.main) refers to app_task.o(i.App_Task_Init) for App_Task_Init
    main.o(i.main) refers to tim.o(.bss) for htim2
    main.o(i.main) refers to main.o(.bss) for buff2
    main.o(i.main) refers to usart.o(.bss) for huart2
    gpio.o(i.MX_GPIO_Init) refers to stm32f1xx_hal_gpio.o(i.HAL_GPIO_WritePin) for HAL_GPIO_WritePin
    gpio.o(i.MX_GPIO_Init) refers to stm32f1xx_hal_gpio.o(i.HAL_GPIO_Init) for HAL_GPIO_Init
    adc.o(i.HAL_ADC_MspDeInit) refers to stm32f1xx_hal_gpio.o(i.HAL_GPIO_DeInit) for HAL_GPIO_DeInit
    adc.o(i.HAL_ADC_MspInit) refers to stm32f1xx_hal_gpio.o(i.HAL_GPIO_Init) for HAL_GPIO_Init
    adc.o(i.MX_ADC1_Init) refers to stm32f1xx_hal_adc.o(i.HAL_ADC_Init) for HAL_ADC_Init
    adc.o(i.MX_ADC1_Init) refers to main.o(i.Error_Handler) for Error_Handler
    adc.o(i.MX_ADC1_Init) refers to stm32f1xx_hal_adc.o(i.HAL_ADC_ConfigChannel) for HAL_ADC_ConfigChannel
    adc.o(i.MX_ADC1_Init) refers to adc.o(.bss) for hadc1
    i2c.o(i.HAL_I2C_MspDeInit) refers to stm32f1xx_hal_gpio.o(i.HAL_GPIO_DeInit) for HAL_GPIO_DeInit
    i2c.o(i.HAL_I2C_MspInit) refers to stm32f1xx_hal_gpio.o(i.HAL_GPIO_Init) for HAL_GPIO_Init
    i2c.o(i.MX_I2C2_Init) refers to stm32f1xx_hal_i2c.o(i.HAL_I2C_Init) for HAL_I2C_Init
[...]
    i.USART1_IRQHandler                      0x080059a8   Section        0  stm32f1xx_it.o(i.USART1_IRQHandler)
    i.USART2_IRQHandler                      0x080059b8   Section        0  stm32f1xx_it.o(i.USART2_IRQHandler)
    i.UsageFault_Handler                     0x080059c8   Section        0  stm32f1xx_it.o(i.UsageFault_Handler)
    i.__0printf                              0x080059cc   Section        0  printfa.o(i.__0printf)
    i.__0sprintf                             0x080059ec   Section        0  printfa.o(i.__0sprintf)
    i.__ARM_fpclassify                       0x08005a14   Section        0  fpclassify.o(i.__ARM_fpclassify)
    i.__NVIC_GetPriorityGrouping             0x08005a3c   Section        0  stm32f1xx_hal_cortex.o(i.__NVIC_GetPriorityGrouping)
    __NVIC_GetPriorityGrouping               0x08005a3d   Thumb Code    10  stm32f1xx_hal_cortex.o(i.__NVIC_GetPriorityGrouping)
    i.__NVIC_SetPriority                     0x08005a4c   Section        0  stm32f1xx_hal_cortex.o(i.__NVIC_SetPriority)
    __NVIC_SetPriority                       0x08005a4d   Thumb Code    32  stm32f1xx_hal_cortex.o(i.__NVIC_SetPriority)
    i.__kernel_poly                          0x08005a74   Section        0  poly.o(i.__kernel_poly)
    i.__mathlib_dbl_infnan                   0x08005b1e   Section        0  dunder.o(i.__mathlib_dbl_infnan)
    i.__mathlib_dbl_infnan2                  0x08005b24   Section        0  dunder.o(i.__mathlib_dbl_infnan2)
    i.__mathlib_dbl_underflow                0x08005b28   Section        0  dunder.o(i.__mathlib_dbl_underflow)
    i.__scatterload_copy                     0x08005b38   Section       14  handlers.o(i.__scatterload_copy)
    i.__scatterload_null                     0x08005b46   Section        2  handlers.o(i.__scatterload_null)
    i.__scatterload_zeroinit                 0x08005b48   Section       14  handlers.o(i.__scatterload_zeroinit)
    i._fp_digits                             0x08005b58   Section        0  printfa.o(i._fp_digits)
    _fp_digits                               0x08005b59   Thumb Code   366  printfa.o(i._fp_digits)
    i._printf_core                           0x08005cdc   Section        0  printfa.o(i._printf_core)
    _printf_core                             0x08005cdd   Thumb Code  1744  printfa.o(i._printf_core)
    i._printf_post_padding                   0x080063b8   Section        0  printfa.o(i._printf_post_padding)
    _printf_post_padding                     0x080063b9   Thumb Code    36  printfa.o(i._printf_post_padding)
    i._printf_pre_padding                    0x080063dc   Section        0  printfa.o(i._printf_pre_padding)
    _printf_pre_padding                      0x080063dd   Thumb Code    46  printfa.o(i._printf_pre_padding)
    i._sputc                                 0x0800640a   Section        0  printfa.o(i._sputc)
    _sputc                                   0x0800640b   Thumb Code    10  printfa.o(i._sputc)
    i.atan                                   0x08006414   Section        0  atan.o(i.atan)
    i.atan2                                  0x08006634   Section        0  atan2.o(i.atan2)
    i.fputc                                  0x080067b4   Section        0  usart.o(i.fputc)
    i.main                                   0x080067d0   Section        0  main.o(i.main)
    i.prvAddCurrentTaskToDelayedList         0x080068f0   Section        0  tasks.o(i.prvAddCurrentTaskToDelayedList)
    prvAddCurrentTaskToDelayedList           0x080068f1   Thumb Code   164  tasks.o(i.prvAddCurrentTaskToDelayedList)
    i.prvAddNewTaskToReadyList               0x080069b0   Section        0  tasks.o(i.prvAddNewTaskToReadyList)
    prvAddNewTaskToReadyList                 0x080069b1   Thumb Code   200  tasks.o(i.prvAddNewTaskToReadyList)
    i.prvCheckTasksWaitingTermination        0x08006a94   Section        0  tasks.o(i.prvCheckTasksWaitingTermination)
    prvCheckTasksWaitingTermination          0x08006a95   Thumb Code    60  tasks.o(i.prvCheckTasksWaitingTermination)
    i.prvDeleteTCB                           0x08006adc   Section        0  tasks.o(i.prvDeleteTCB)
    prvDeleteTCB                             0x08006add   Thumb Code    18  tasks.o(i.prvDeleteTCB)
    i.prvHeapInit                            0x08006af0   Section        0  heap_4.o(i.prvHeapInit)
    prvHeapInit                              0x08006af1   Thumb Code    90  heap_4.o(i.prvHeapInit)
    i.prvIdleTask                            0x08006b60   Section        0  tasks.o(i.prvIdleTask)
    prvIdleTask                              0x08006b61   Thumb Code    32  tasks.o(i.prvIdleTask)
    i.prvInitialiseNewTask                   0x08006b88   Section        0  tasks.o(i.prvInitialiseNewTask)
    prvInitialiseNewTask                     0x08006b89   Thumb Code   122  tasks.o(i.prvInitialiseNewTask)
    i.prvInitialiseTaskLists                 0x08006c04   Section        0  tasks.o(i.prvInitialiseTaskLists)
    prvInitialiseTaskLists                   0x08006c05   Thumb Code    70  tasks.o(i.prvInitialiseTaskLists)
    i.prvInsertBlockIntoFreeList             0x08006c6c   Section        0  heap_4.o(i.prvInsertBlockIntoFreeList)
    prvInsertBlockIntoFreeList               0x08006c6d   Thumb Code    96  heap_4.o(i.prvInsertBlockIntoFreeList)
    i.prvResetNextTaskUnblockTime            0x08006cd4   Section        0  tasks.o(i.prvResetNextTaskUnblockTime)
    prvResetNextTaskUnblockTime              0x08006cd5   Thumb Code    40  tasks.o(i.prvResetNextTaskUnblockTime)
    i.prvTaskExitError                       0x08006d04   Section        0  port.o(i.prvTaskExitError)
    prvTaskExitError                         0x08006d05   Thumb Code    22  port.o(i.prvTaskExitError)
    i.pvPortMalloc                           0x08006d1c   Section        0  heap_4.o(i.pvPortMalloc)
    i.pxPortInitialiseStack                  0x08006e00   Section        0  port.o(i.pxPortInitialiseStack)
    i.ulTaskGenericNotifyTake                0x08006e24   Section        0  tasks.o(i.ulTaskGenericNotifyTake)
    i.uxListRemove                           0x08006eac   Section        0  list.o(i.uxListRemove)
    i.vListInitialise                        0x08006ed4   Section        0  list.o(i.vListInitialise)
    i.vListInitialiseItem                    0x08006eee   Section        0  list.o(i.vListInitialiseItem)
    i.vListInsert                            0x08006ef4   Section        0  list.o(i.vListInsert)
    i.vListInsertEnd                         0x08006f28   Section        0  list.o(i.vListInsertEnd)
    i.vPortEnterCritical                     0x08006f40   Section        0  port.o(i.vPortEnterCritical)
    i.vPortExitCritical                      0x08006f64   Section        0  port.o(i.vPortExitCritical)
    i.vPortFree                              0x08006f84   Section        0  heap_4.o(i.vPortFree)
    i.vPortSetupTimerInterrupt               0x08006fd0   Section        0  port.o(i.vPortSetupTimerInterrupt)
    i.vTaskDelete                            0x08006fe8   Section        0  tasks.o(i.vTaskDelete)
    i.vTaskStartScheduler                    0x080070bc   Section        0  tasks.o(i.vTaskStartScheduler)
    i.vTaskSuspendAll                        0x08007128   Section        0  tasks.o(i.vTaskSuspendAll)
    i.vTaskSwitchContext                     0x08007138   Section        0  tasks.o(i.vTaskSwitchContext)
    i.xPortStartScheduler                    0x08007198   Section        0  port.o(i.xPortStartScheduler)
    i.xPortSysTickHandler                    0x080071cc   Section        0  port.o(i.xPortSysTickHandler)
    i.xTaskCreate                            0x08007200   Section        0  tasks.o(i.xTaskCreate)
    i.xTaskDelayUntil                        0x08007268   Section        0  tasks.o(i.xTaskDelayUntil)
    i.xTaskGenericNotify                     0x080072dc   Section        0  tasks.o(i.xTaskGenericNotify)
    i.xTaskGetSchedulerState                 0x08007428   Section        0  tasks.o(i.xTaskGetSchedulerState)
    i.xTaskGetTickCount                      0x08007448   Section        0  tasks.o(i.xTaskGetTickCount)
    i.xTaskIncrementTick                     0x08007454   Section        0  tasks.o(i.xTaskIncrementTick)
    i.xTaskResumeAll                         0x080075e4   Section        0  tasks.o(i.xTaskResumeAll)
    .constdata                               0x08007740   Section       18  stm32f1xx_hal_rcc.o(.constdata)
    aPLLMULFactorTable                       0x08007740   Data          16  stm32f1xx_hal_rcc.o(.constdata)
    aPredivFactorTable                       0x08007750   Data           2  stm32f1xx_hal_rcc.o(.constdata)
    .constdata                               0x08007752   Section       24  system_stm32f1xx.o(.constdata)
    .constdata                               0x0800776a   Section     7696  oled.o(.constdata)
    .constdata                               0x08009580   Section      152  atan.o(.constdata)
    atanhi                                   0x08009580   Data          32  atan.o(.constdata)
    atanlo                                   0x080095a0   Data          32  atan.o(.constdata)
    aTodd                                    0x080095c0   Data          40  atan.o(.constdata)
    aTeven                                   0x080095e8   Data          48  atan.o(.constdata)
    .constdata                               0x08009618   Section        8  qnan.o(.constdata)
    .data                                    0x20000000   Section        9  stm32f1xx_hal.o(.data)
    .data                                    0x2000000c   Section        4  system_stm32f1xx.o(.data)
    .data                                    0x20000010   Section       84  com_filter.o(.data)
    .data                                    0x20000064   Section        8  com_pid.o(.data)
    least_velocity                           0x20000064   Data           4  com_pid.o(.data)
    last_velocity                            0x20000068   Data           4  com_pid.o(.data)
    .data                                    0x2000006c   Section       64  tasks.o(.data)
    pxDelayedTaskList                        0x20000070   Data           4  tasks.o(.data)
    pxOverflowDelayedTaskList                0x20000074   Data           4  tasks.o(.data)
    uxDeletedTasksWaitingCleanUp             0x20000078   Data           4  tasks.o(.data)
    uxCurrentNumberOfTasks                   0x2000007c   Data           4  tasks.o(.data)
    xTickCount                               0x20000080   Data           4  tasks.o(.data)
    uxTopReadyPriority                       0x20000084   Data           4  tasks.o(.data)
    xSchedulerRunning                        0x20000088   Data           4  tasks.o(.data)
    xPendedTicks                             0x2000008c   Data           4  tasks.o(.data)
    xYieldPending                            0x20000090   Data           4  tasks.o(.data)
    xNumOfOverflows                          0x20000094   Data           4  tasks.o(.data)
    uxTaskNumber                             0x20000098   Data           4  tasks.o(.data)
    xNextTaskUnblockTime                     0x2000009c   Data           4  tasks.o(.data)
    xIdleTaskHandle                          0x200000a0   Data           4  tasks.o(.data)
    uxSchedulerSuspended                     0x200000a8   Data           4  tasks.o(.data)
    .data                                    0x200000ac   Section       28  heap_4.o(.data)
    xStart                                   0x200000ac   Data           8  heap_4.o(.data)
    pxEnd                                    0x200000b4   Data           4  heap_4.o(.data)
    xFreeBytesRemaining                      0x200000b8   Data           4  heap_4.o(.data)
    xMinimumEverFreeBytesRemaining           0x200000bc   Data           4  heap_4.o(.data)
    xNumberOfSuccessfulAllocations           0x200000c0   Data           4  heap_4.o(.data)
    xNumberOfSuccessfulFrees                 0x200000c4   Data           4  heap_4.o(.data)
    .data                                    0x200000c8   Section        4  port.o(.data)
    uxCriticalNesting                        0x200000c8   Data           4  port.o(.data)
    .data                                    0x200000cc   Section       92  app_car.o(.data)
    .data                                    0x20000128   Section       16  app_task.o(.data)
    .data                                    0x20000138   Section        4  stdout.o(.data)
    .bss                                     0x2000013c   Section      256  main.o(.bss)
    .bss                                     0x2000023c   Section       48  adc.o(.bss)
    .bss                                     0x2000026c   Section       84  i2c.o(.bss)
    .bss                                     0x200002c0   Section       88  spi.o(.bss)
    .bss                                     0x20000318   Section      216  tim.o(.bss)
    .bss                                     0x200003f0   Section      144  usart.o(.bss)
    .bss                                     0x20000480   Section       72  stm32f1xx_hal_timebase_tim.o(.bss)
    .bss                                     0x200004c8   Section     1152  oled.o(.bss)
    .bss                                     0x20000948   Section       16  com_filter.o(.bss)
    .bss                                     0x20000958   Section      740  tasks.o(.bss)
    pxReadyTasksLists                        0x20000958   Data         640  tasks.o(.bss)
    xDelayedTaskList1                        0x20000bd8   Data          20  tasks.o(.bss)
    xDelayedTaskList2                        0x20000bec   Data          20  tasks.o(.bss)
    xPendingReadyList                        0x20000c00   Data          20  tasks.o(.bss)
    xTasksWaitingTermination                 0x20000c14   Data          20  tasks.o(.bss)
    xSuspendedTaskList                       0x20000c28   Data          20  tasks.o(.bss)
    .bss                                     0x20000c3c   Section    15360  heap_4.o(.bss)
    ucHeap                                   0x20000c3c   Data       15360  heap_4.o(.bss)
    STACK                                    0x20004840   Section     1024  startup_stm32f103xb.o(STACK)

    Global Symbols

    Symbol Name                              Value     Ov Type        Size  Object(Section)

    BuildAttributes$$THM_ISAv4$P$D$K$B$S$PE$A:L22UL41UL21$X:L11$S22US41US21$IEEE1$IW$USESV6$~STKCKD$USESV7$~SHL$OTIME$ROPI$IEEEX$EBA8$MICROLIB$REQ8$PRES8$EABIv2 0x00000000   Number         0  anon$$obj.o ABSOLUTE
    __ARM_use_no_argv                        0x00000000   Number         0  main.o ABSOLUTE
    _printf_a                                0x00000000   Number         0  stubs.o ABSOLUTE
    _printf_c                                0x00000000   Number         0  stubs.o ABSOLUTE
    _printf_charcount                        0x00000000   Number         0  stubs.o ABSOLUTE
    _printf_d                                0x00000000   Number         0  stubs.o ABSOLUTE
    _printf_e                                0x00000000   Number         0  stubs.o ABSOLUTE
    _printf_f                                0x00000000   Number         0  stubs.o ABSOLUTE
    _printf_flags                            0x00000000   Number         0  stubs.o ABSOLUTE
    _printf_fp_dec                           0x00000000   Number         0  stubs.o ABSOLUTE
    _printf_fp_hex                           0x00000000   Number         0  stubs.o ABSOLUTE
    _printf_g                                0x00000000   Number         0  stubs.o ABSOLUTE
    _printf_i                                0x00000000   Number         0  stubs.o ABSOLUTE
    _printf_int_dec                          0x00000000   Number         0  stubs.o ABSOLUTE
    _printf_l                                0x00000000   Number         0  stubs.o ABSOLUTE
    _printf_lc                               0x00000000   Number         0  stubs.o ABSOLUTE
    _printf_ll                               0x00000000   Number         0  stubs.o ABSOLUTE
    _printf_lld                              0x00000000   Number         0  stubs.o ABSOLUTE
    _printf_lli                              0x00000000   Number         0  stubs.o ABSOLUTE
    _printf_llo                              0x00000000   Number         0  stubs.o ABSOLUTE
    _printf_llu                              0x00000000   Number         0  stubs.o ABSOLUTE
    _printf_llx                              0x00000000   Number         0  stubs.o ABSOLUTE
    _printf_longlong_dec                     0x00000000   Number         0  stubs.o ABSOLUTE
    _printf_longlong_hex                     0x00000000   Number         0  stubs.o ABSOLUTE
    _printf_longlong_oct                     0x00000000   Number         0  stubs.o ABSOLUTE
    _printf_ls                               0x00000000   Number         0  stubs.o ABSOLUTE
    _printf_mbtowc                           0x00000000   Number         0  stubs.o ABSOLUTE
    _printf_n                                0x00000000   Number         0  stubs.o ABSOLUTE
    _printf_o                                0x00000000   Number         0  stubs.o ABSOLUTE
    _printf_p                                0x00000000   Number         0  stubs.o ABSOLUTE
    _printf_percent                          0x00000000   Number         0  stubs.o ABSOLUTE
    _printf_pre_padding                      0x00000000   Number         0  stubs.o ABSOLUTE
    _printf_return_value                     0x00000000   Number         0  stubs.o ABSOLUTE
    _printf_s                                0x00000000   Number         0  stubs.o ABSOLUTE
    _printf_sizespec                         0x00000000   Number         0  stubs.o ABSOLUTE
    _printf_str                              0x00000000   Number         0  stubs.o ABSOLUTE
    _printf_truncate_signed                  0x00000000   Number         0  stubs.o ABSOLUTE
    _printf_truncate_unsigned                0x00000000   Number         0  stubs.o ABSOLUTE
    _printf_u                                0x00000000   Number         0  stubs.o ABSOLUTE
    _printf_wc                               0x00000000   Number         0  stubs.o ABSOLUTE
    _printf_wctomb                           0x00000000   Number         0  stubs.o ABSOLUTE
    _printf_widthprec                        0x00000000   Number         0  stubs.o ABSOLUTE
    _printf_x                                0x00000000   Number         0  stubs.o ABSOLUTE
    __cpp_initialize__aeabi_                  - Undefined Weak Reference
    __cxa_finalize                            - Undefined Weak Reference
    _clock_init                               - Undefined Weak Reference
    _microlib_exit                            - Undefined Weak Reference
    __Vectors_Size                           0x000000ec   Number         0  startup_stm32f103xb.o ABSOLUTE
    __Vectors                                0x08000000   Data           4  startup_stm32f103xb.o(RESET)
    __Vectors_End                            0x080000ec   Data           0  startup_stm32f103xb.o(RESET)
    __main                                   0x080000ed   Thumb Code     0  entry.o(.ARM.Collect$$$$00000000)
    _main_stk                                0x080000ed   Thumb Code     0  entry2.o(.ARM.Collect$$$$00000001)
    _main_scatterload                        0x080000f1   Thumb Code     0  entry5.o(.ARM.Collect$$$$00000004)
    __main_after_scatterload                 0x080000f5   Thumb Code     0  entry5.o(.ARM.Collect$$$$00000004)
    _main_clock                              0x080000f5   Thumb Code     0  entry7b.o(.ARM.Collect$$$$00000008)
    _main_cpp_init                           0x080000f5   Thumb Code     0  entry8b.o(.ARM.Collect$$$$0000000A)
    _main_init                               0x080000f5   Thumb Code     0  entry9a.o(.ARM.Collect$$$$0000000B)
    __rt_final_cpp                           0x080000fd   Thumb Code     0  entry10a.o(.ARM.Collect$$$$0000000D)
    __rt_final_exit                          0x080000fd   Thumb Code     0  entry11a.o(.ARM.Collect$$$$0000000F)
    SVC_Handler                              0x08000101   Thumb Code    32  port.o(.emb_text)
    __asm___6_port_c_39a90d8d__prvStartFirstTask 0x08000125   Thumb Code    28  port.o(.emb_text)
    PendSV_Handler                           0x08000145   Thumb Code    72  port.o(.emb_text)
    vPortGetIPSR                             0x08000191   Thumb Code     6  port.o(.emb_text)
    Reset_Handler                            0x08000199   Thumb Code     8  startup_stm32f103xb.o(.text)
    ADC1_2_IRQHandler                        0x080001b3   Thumb Code     0  startup_stm32f103xb.o(.text)
    CAN1_RX1_IRQHandler                      0x080001b3   Thumb Code     0  startup_stm32f103xb.o(.text)
    CAN1_SCE_IRQHandler                      0x080001b3   Thumb Code     0  startup_stm32f103xb.o(.text)
    DMA1_Channel1_IRQHandler                 0x080001b3   Thumb Code     0  startup_stm32f103xb.o(.text)
    DMA1_Channel2_IRQHandler                 0x080001b3   Thumb Code     0  startup_stm32f103xb.o(.text)
    DMA1_Channel3_IRQHandler                 0x080001b3   Thumb Code     0  startup_stm32f103xb.o(.text)
    DMA1_Channel4_IRQHandler                 0x080001b3   Thumb Code     0  startup_stm32f103xb.o(.text)
    DMA1_Channel5_IRQHandler                 0x080001b3   Thumb Code     0  startup_stm32f103xb.o(.text)
    DMA1_Channel6_IRQHandler                 0x080001b3   Thumb Code     0  startup_stm32f103xb.o(.text)
    DMA1_Channel7_IRQHandler                 0x080001b3   Thumb Code     0  startup_stm32f103xb.o(.text)
    EXTI0_IRQHandler                         0x080001b3   Thumb Code     0  startup_stm32f103xb.o(.text)
    EXTI15_10_IRQHandler                     0x080001b3   Thumb Code     0  startup_stm32f103xb.o(.text)
    EXTI1_IRQHandler                         0x080001b3   Thumb Code     0  startup_stm32f103xb.o(.text)
    EXTI2_IRQHandler                         0x080001b3   Thumb Code     0  startup_stm32f103xb.o(.text)
    EXTI3_IRQHandler                         0x080001b3   Thumb Code     0  startup_stm32f103xb.o(.text)
    EXTI4_IRQHandler                         0x080001b3   Thumb Code     0  startup_stm32f103xb.o(.text)
    EXTI9_5_IRQHandler                       0x080001b3   Thumb Code     0  startup_stm32f103xb.o(.text)
    FLASH_IRQHandler                         0x080001b3   Thumb Code     0  startup_stm32f103xb.o(.text)
    I2C1_ER_IRQHandler                       0x080001b3   Thumb Code     0  startup_stm32f103xb.o(.text)
    I2C1_EV_IRQHandler                       0x080001b3   Thumb Code     0  startup_stm32f103xb.o(.text)
    I2C2_ER_IRQHandler                       0x080001b3   Thumb Code     0  startup_stm32f103xb.o(.text)
    I2C2_EV_IRQHandler                       0x080001b3   Thumb Code     0  startup_stm32f103xb.o(.text)
    PVD_IRQHandler                           0x080001b3   Thumb Code     0  startup_stm32f103xb.o(.text)
    RCC_IRQHandler                           0x080001b3   Thumb Code     0  startup_stm32f103xb.o(.text)
    RTC_Alarm_IRQHandler                     0x080001b3   Thumb Code     0  startup_stm32f103xb.o(.text)
    RTC_IRQHandler                           0x080001b3   Thumb Code     0  startup_stm32f103xb.o(.text)
    SPI1_IRQHandler                          0x080001b3   Thumb Code     0  startup_stm32f103xb.o(.text)
    SPI2_IRQHandler                          0x080001b3   Thumb Code     0  startup_stm32f103xb.o(.text)
    TAMPER_IRQHandler                        0x080001b3   Thumb Code     0  startup_stm32f103xb.o(.text)
    TIM1_BRK_IRQHandler                      0x080001b3   Thumb Code     0  startup_stm32f103xb.o(.text)
    TIM1_CC_IRQHandler                       0x080001b3   Thumb Code     0  startup_stm32f103xb.o(.text)
    TIM1_TRG_COM_IRQHandler                  0x080001b3   Thumb Code     0  startup_stm32f103xb.o(.text)
    TIM2_IRQHandler                          0x080001b3   Thumb Code     0  startup_stm32f103xb.o(.text)
    TIM3_IRQHandler                          0x080001b3   Thumb Code     0  startup_stm32f103xb.o(.text)
    TIM4_IRQHandler                          0x080001b3   Thumb Code     0  startup_stm32f103xb.o(.text)
    USART3_IRQHandler                        0x080001b3   Thumb Code     0  startup_stm32f103xb.o(.text)
    USBWakeUp_IRQHandler                     0x080001b3   Thumb Code     0  startup_stm32f103xb.o(.text)
    USB_HP_CAN1_TX_IRQHandler                0x080001b3   Thumb Code     0  startup_stm32f103xb.o(.text)
    USB_LP_CAN1_RX0_IRQHandler               0x080001b3   Thumb Code     0  startup_stm32f103xb.o(.text)
    WWDG_IRQHandler                          0x080001b3   Thumb Code     0  startup_stm32f103xb.o(.text)
    __aeabi_llsr                             0x080001bd   Thumb Code    32  llushr.o(.text)
    _ll_ushift_r                             0x080001bd   Thumb Code     0  llushr.o(.text)
    __aeabi_memset                           0x080001dd   Thumb Code    14  memseta.o(.text)
    __aeabi_memset4                          0x080001dd   Thumb Code     0  memseta.o(.text)
    __aeabi_memset8                          0x080001dd   Thumb Code     0  memseta.o(.text)
    __aeabi_memclr                           0x080001eb   Thumb Code     4  memseta.o(.text)
    __aeabi_memclr4                          0x080001eb   Thumb Code     0  memseta.o(.text)
    __aeabi_memclr8                          0x080001eb   Thumb Code     0  memseta.o(.text)
    _memset$wrapper                          0x080001ef   Thumb Code    18  memseta.o(.text)
    __aeabi_fadd                             0x08000201   Thumb Code   164  fadd.o(.text)
    __aeabi_fsub                             0x080002a5   Thumb Code     6  fadd.o(.text)
    __aeabi_frsub                            0x080002ab   Thumb Code     6  fadd.o(.text)
    __aeabi_fmul                             0x080002b1   Thumb Code   100  fmul.o(.text)
    __aeabi_fdiv                             0x08000315   Thumb Code   124  fdiv.o(.text)
    __aeabi_dadd                             0x08000391   Thumb Code   322  dadd.o(.text)
    __aeabi_dsub                             0x080004d3   Thumb Code     6  dadd.o(.text)
    __aeabi_drsub                            0x080004d9   Thumb Code     6  dadd.o(.text)
    __aeabi_dmul                             0x080004df   Thumb Code   228  dmul.o(.text)
    __aeabi_ddiv                             0x080005c3   Thumb Code   222  ddiv.o(.text)
    __aeabi_i2f                              0x080006a1   Thumb Code    18  fflti.o(.text)
    __aeabi_ui2f                             0x080006b3   Thumb Code    10  ffltui.o(.text)
    __aeabi_i2d                              0x080006bd   Thumb Code    34  dflti.o(.text)
    __aeabi_ui2d                             0x080006df   Thumb Code    26  dfltui.o(.text)
    __aeabi_f2iz                             0x080006f9   Thumb Code    50  ffixi.o(.text)
    __aeabi_d2iz                             0x0800072b   Thumb Code    62  dfixi.o(.text)
    __aeabi_f2d                              0x08000769   Thumb Code    38  f2d.o(.text)
    __aeabi_d2f                              0x0800078f   Thumb Code    56  d2f.o(.text)
    __aeabi_uidiv                            0x080007c7   Thumb Code     0  uidiv.o(.text)
    __aeabi_uidivmod                         0x080007c7   Thumb Code    44  uidiv.o(.text)
    __aeabi_uldivmod                         0x080007f3   Thumb Code    98  uldiv.o(.text)
    __aeabi_llsl                             0x08000855   Thumb Code    30  llshl.o(.text)
    _ll_shift_l                              0x08000855   Thumb Code     0  llshl.o(.text)
    __aeabi_lasr                             0x08000873   Thumb Code    36  llsshr.o(.text)
    _ll_sshift_r                             0x08000873   Thumb Code     0  llsshr.o(.text)
    __I$use$fp                               0x08000897   Thumb Code     0  iusefp.o(.text)
    _float_round                             0x08000897   Thumb Code    18  fepilogue.o(.text)
    _float_epilogue                          0x080008a9   Thumb Code    92  fepilogue.o(.text)
    _double_round                            0x08000905   Thumb Code    30  depilogue.o(.text)
    _double_epilogue                         0x08000923   Thumb Code   156  depilogue.o(.text)
    __aeabi_d2ulz                            0x080009bf   Thumb Code    48  dfixul.o(.text)
    __aeabi_cdrcmple                         0x080009f1   Thumb Code    48  cdrcmple.o(.text)
    __scatterload                            0x08000a21   Thumb Code    28  init.o(.text)
    __scatterload_rt2                        0x08000a21   Thumb Code     0  init.o(.text)
    __ARM_scalbn                             0x08000a45   Thumb Code    46  dscalb.o(.text)
    scalbn                                   0x08000a45   Thumb Code     0  dscalb.o(.text)
    __decompress                             0x08000a73   Thumb Code     0  __dczerorl.o(.text)
    __decompress0                            0x08000a73   Thumb Code    58  __dczerorl.o(.text)
    ADC_ConversionStop_Disable               0x08000aad   Thumb Code    92  stm32f1xx_hal_adc.o(i.ADC_ConversionStop_Disable)
    ADC_Enable                               0x08000b09   Thumb Code   134  stm32f1xx_hal_adc.o(i.ADC_Enable)
    App_Car_Display                          0x08000b99   Thumb Code   190  app_car.o(i.App_Car_Display)
    App_Car_GetAngle                         0x08000c99   Thumb Code   162  app_car.o(i.App_Car_GetAngle)
    App_Car_PID                              0x08000d75   Thumb Code   236  app_car.o(i.App_Car_PID)
    App_Task_Display                         0x08000ea9   Thumb Code    28  app_task.o(i.App_Task_Display)
    App_Task_GetData                         0x08000ec5   Thumb Code    46  app_task.o(i.App_Task_GetData)
    App_Task_Init                            0x08000ef9   Thumb Code    28  app_task.o(i.App_Task_Init)
    App_Task_PID                             0x08000f2d   Thumb Code    20  app_task.o(i.App_Task_PID)
    App_Task_Start                           0x08000f41   Thumb Code    80  app_task.o(i.App_Task_Start)
    BusFault_Handler                         0x08000fe1   Thumb Code     4  stm32f1xx_it.o(i.BusFault_Handler)
    Com_Filter_Kalman                        0x08000fe5   Thumb Code   558  com_filter.o(i.Com_Filter_Kalman)
    Com_PID_Balance                          0x0800125d   Thumb Code    72  com_pid.o(i.Com_PID_Balance)
    Com_PID_Turn                             0x080012a5   Thumb Code    32  com_pid.o(i.Com_PID_Turn)
    Com_PID_Velocity                         0x080012c5   Thumb Code   192  com_pid.o(i.Com_PID_Velocity)
    DebugMon_Handler                         0x0800139d   Thumb Code     2  stm32f1xx_it.o(i.DebugMon_Handler)
    Error_Handler                            0x0800139f   Thumb Code     6  main.o(i.Error_Handler)
    HAL_ADC_ConfigChannel                    0x080013a5   Thumb Code   338  stm32f1xx_hal_adc.o(i.HAL_ADC_ConfigChannel)
    HAL_ADC_GetValue                         0x08001505   Thumb Code     8  stm32f1xx_hal_adc.o(i.HAL_ADC_GetValue)
    HAL_ADC_Init                             0x0800150d   Thumb Code   314  stm32f1xx_hal_adc.o(i.HAL_ADC_Init)
    HAL_ADC_MspInit                          0x08001651   Thumb Code    98  adc.o(i.HAL_ADC_MspInit)
    HAL_ADC_Start                            0x080016c1   Thumb Code   294  stm32f1xx_hal_adc.o(i.HAL_ADC_Start)
    HAL_DMA_Abort                            0x080017f1   Thumb Code    86  stm32f1xx_hal_dma.o(i.HAL_DMA_Abort)
    HAL_DMA_Abort_IT                         0x08001849   Thumb Code   172  stm32f1xx_hal_dma.o(i.HAL_DMA_Abort_IT)
    HAL_Delay                                0x080018f9   Thumb Code    36  stm32f1xx_hal.o(i.HAL_Delay)
    HAL_GPIO_Init                            0x08001921   Thumb Code   766  stm32f1xx_hal_gpio.o(i.HAL_GPIO_Init)
    HAL_GPIO_WritePin                        0x08001c41   Thumb Code    12  stm32f1xx_hal_gpio.o(i.HAL_GPIO_WritePin)
    HAL_GetTick                              0x08001c4d   Thumb Code     6  stm32f1xx_hal.o(i.HAL_GetTick)
    HAL_I2C_Init                             0x08001c59   Thumb Code   446  stm32f1xx_hal_i2c.o(i.HAL_I2C_Init)
    HAL_I2C_Mem_Read                         0x08001e29   Thumb Code   850  stm32f1xx_hal_i2c.o(i.HAL_I2C_Mem_Read)
    HAL_I2C_Mem_Write                        0x0800218d   Thumb Code   348  stm32f1xx_hal_i2c.o(i.HAL_I2C_Mem_Write)
    HAL_I2C_MspInit                          0x080022f1   Thumb Code   106  i2c.o(i.HAL_I2C_MspInit)
    HAL_IncTick                              0x08002369   Thumb Code    16  stm32f1xx_hal.o(i.HAL_IncTick)
    HAL_Init                                 0x08002381   Thumb Code    34  stm32f1xx_hal.o(i.HAL_Init)
    HAL_InitTick                             0x080023a9   Thumb Code   138  stm32f1xx_hal_timebase_tim.o(i.HAL_InitTick)
    HAL_MspInit                              0x08002449   Thumb Code    76  stm32f1xx_hal_msp.o(i.HAL_MspInit)
    HAL_NVIC_EnableIRQ                       0x0800249d   Thumb Code    32  stm32f1xx_hal_cortex.o(i.HAL_NVIC_EnableIRQ)
    HAL_NVIC_SetPriority                     0x080024bd   Thumb Code   124  stm32f1xx_hal_cortex.o(i.HAL_NVIC_SetPriority)
    HAL_NVIC_SetPriorityGrouping             0x08002539   Thumb Code    32  stm32f1xx_hal_cortex.o(i.HAL_NVIC_SetPriorityGrouping)
    HAL_RCCEx_PeriphCLKConfig                0x08002561   Thumb Code   290  stm32f1xx_hal_rcc_ex.o(i.HAL_RCCEx_PeriphCLKConfig)
    HAL_RCC_ClockConfig                      0x08002691   Thumb Code   376  stm32f1xx_hal_rcc.o(i.HAL_RCC_ClockConfig)
    HAL_RCC_GetClockConfig                   0x0800281d   Thumb Code    58  stm32f1xx_hal_rcc.o(i.HAL_RCC_GetClockConfig)
    HAL_RCC_GetHCLKFreq                      0x08002861   Thumb Code     6  stm32f1xx_hal_rcc.o(i.HAL_RCC_GetHCLKFreq)
    HAL_RCC_GetPCLK1Freq                     0x0800286d   Thumb Code    22  stm32f1xx_hal_rcc.o(i.HAL_RCC_GetPCLK1Freq)
    HAL_RCC_GetPCLK2Freq                     0x0800288d   Thumb Code    22  stm32f1xx_hal_rcc.o(i.HAL_RCC_GetPCLK2Freq)
    HAL_RCC_GetSysClockFreq                  0x080028ad   Thumb Code    92  stm32f1xx_hal_rcc.o(i.HAL_RCC_GetSysClockFreq)
    HAL_RCC_OscConfig                        0x0800291d   Thumb Code  1114  stm32f1xx_hal_rcc.o(i.HAL_RCC_OscConfig)
    HAL_SPI_Init                             0x08002d81   Thumb Code   190  stm32f1xx_hal_spi.o(i.HAL_SPI_Init)
    HAL_SPI_MspInit                          0x08002e41   Thumb Code   102  spi.o(i.HAL_SPI_MspInit)
    HAL_SPI_Transmit                         0x08002eb5   Thumb Code   444  stm32f1xx_hal_spi.o(i.HAL_SPI_Transmit)
    HAL_TIMEx_BreakCallback                  0x08003071   Thumb Code     2  stm32f1xx_hal_tim_ex.o(i.HAL_TIMEx_BreakCallback)
    HAL_TIMEx_CommutCallback                 0x08003073   Thumb Code     2  stm32f1xx_hal_tim_ex.o(i.HAL_TIMEx_CommutCallback)
    HAL_TIMEx_MasterConfigSynchronization    0x08003075   Thumb Code   118  stm32f1xx_hal_tim_ex.o(i.HAL_TIMEx_MasterConfigSynchronization)
    HAL_TIM_Base_Init                        0x080030f9   Thumb Code   102  stm32f1xx_hal_tim.o(i.HAL_TIM_Base_Init)
    HAL_TIM_Base_MspInit                     0x08003161   Thumb Code    40  tim.o(i.HAL_TIM_Base_MspInit)
    HAL_TIM_Base_Start_IT                    0x08003191   Thumb Code   106  stm32f1xx_hal_tim.o(i.HAL_TIM_Base_Start_IT)
    HAL_TIM_ConfigClockSource                0x08003209   Thumb Code   268  stm32f1xx_hal_tim.o(i.HAL_TIM_ConfigClockSource)
    HAL_TIM_Encoder_Init                     0x08003315   Thumb Code   196  stm32f1xx_hal_tim.o(i.HAL_TIM_Encoder_Init)
    HAL_TIM_Encoder_MspInit                  0x080033d9   Thumb Code   270  tim.o(i.HAL_TIM_Encoder_MspInit)
    HAL_TIM_Encoder_Start                    0x080034fd   Thumb Code   204  stm32f1xx_hal_tim.o(i.HAL_TIM_Encoder_Start)
    HAL_TIM_IC_CaptureCallback               0x080035c9   Thumb Code     2  stm32f1xx_hal_tim.o(i.HAL_TIM_IC_CaptureCallback)
    HAL_TIM_IRQHandler                       0x080035cb   Thumb Code   406  stm32f1xx_hal_tim.o(i.HAL_TIM_IRQHandler)
    HAL_TIM_MspPostInit                      0x08003761   Thumb Code    76  tim.o(i.HAL_TIM_MspPostInit)
    HAL_TIM_OC_DelayElapsedCallback          0x080037b9   Thumb Code     2  stm32f1xx_hal_tim.o(i.HAL_TIM_OC_DelayElapsedCallback)
    HAL_TIM_PWM_ConfigChannel                0x080037bb   Thumb Code   260  stm32f1xx_hal_tim.o(i.HAL_TIM_PWM_ConfigChannel)
    HAL_TIM_PWM_Init                         0x080038bf   Thumb Code   102  stm32f1xx_hal_tim.o(i.HAL_TIM_PWM_Init)
    HAL_TIM_PWM_MspInit                      0x08003925   Thumb Code     2  stm32f1xx_hal_tim.o(i.HAL_TIM_PWM_MspInit)
    HAL_TIM_PWM_PulseFinishedCallback        0x08003927   Thumb Code     2  stm32f1xx_hal_tim.o(i.HAL_TIM_PWM_PulseFinishedCallback)
    HAL_TIM_PWM_Start                        0x08003929   Thumb Code   198  stm32f1xx_hal_tim.o(i.HAL_TIM_PWM_Start)
    HAL_TIM_PeriodElapsedCallback            0x080039fd   Thumb Code    18  main.o(i.HAL_TIM_PeriodElapsedCallback)
    HAL_TIM_TriggerCallback                  0x08003a15   Thumb Code     2  stm32f1xx_hal_tim.o(i.HAL_TIM_TriggerCallback)
    HAL_UARTEx_ReceiveToIdle_IT              0x08003a17   Thumb Code   114  stm32f1xx_hal_uart.o(i.HAL_UARTEx_ReceiveToIdle_IT)
    HAL_UARTEx_RxEventCallback               0x08003a89   Thumb Code   276  app_car.o(i.HAL_UARTEx_RxEventCallback)
    HAL_UART_ErrorCallback                   0x08003c09   Thumb Code     2  stm32f1xx_hal_uart.o(i.HAL_UART_ErrorCallback)
    HAL_UART_IRQHandler                      0x08003c0d   Thumb Code   736  stm32f1xx_hal_uart.o(i.HAL_UART_IRQHandler)
    HAL_UART_Init                            0x08003ef1   Thumb Code   118  stm32f1xx_hal_uart.o(i.HAL_UART_Init)
    HAL_UART_MspInit                         0x08003f69   Thumb Code   256  usart.o(i.HAL_UART_MspInit)
    HAL_UART_RxCpltCallback                  0x08004079   Thumb Code     2  stm32f1xx_hal_uart.o(i.HAL_UART_RxCpltCallback)
    HAL_UART_Transmit                        0x0800407b   Thumb Code   178  stm32f1xx_hal_uart.o(i.HAL_UART_Transmit)
    HAL_UART_TxCpltCallback                  0x0800412d   Thumb Code     2  stm32f1xx_hal_uart.o(i.HAL_UART_TxCpltCallback)
    HardFault_Handler                        0x0800412f   Thumb Code     4  stm32f1xx_it.o(i.HardFault_Handler)
    Int_Encoder_ReadCounter                  0x080046c1   Thumb Code    56  int_encoder.o(i.Int_Encoder_ReadCounter)
    Int_MPU6050_Get_Accel                    0x08004701   Thumb Code    68  int_mpu6050.o(i.Int_MPU6050_Get_Accel)
    Int_MPU6050_Get_Gyro                     0x08004745   Thumb Code    68  int_mpu6050.o(i.Int_MPU6050_Get_Gyro)
    Int_MPU6050_Init                         0x08004789   Thumb Code   110  int_mpu6050.o(i.Int_MPU6050_Init)
    Int_MPU6050_ReadByte                     0x080047f9   Thumb Code    32  int_mpu6050.o(i.Int_MPU6050_ReadByte)
    Int_MPU6050_ReadBytes                    0x0800481d   Thumb Code    32  int_mpu6050.o(i.Int_MPU6050_ReadBytes)
    Int_MPU6050_SetGyroRate                  0x08004841   Thumb Code    52  int_mpu6050.o(i.Int_MPU6050_SetGyroRate)
    Int_MPU6050_Set_DLPF_CFG                 0x08004875   Thumb Code    68  int_mpu6050.o(i.Int_MPU6050_Set_DLPF_CFG)
    Int_MPU6050_WriteByte                    0x080048b9   Thumb Code    36  int_mpu6050.o(i.Int_MPU6050_WriteByte)
    Int_TB6612_MotorA                        0x080048e1   Thumb Code    78  int_tb6612.o(i.Int_TB6612_MotorA)
    Int_TB6612_MotorB                        0x08004935   Thumb Code    78  int_tb6612.o(i.Int_TB6612_MotorB)
    Int_TB6612_SetPWM                        0x08004989   Thumb Code    84  int_tb6612.o(i.Int_TB6612_SetPWM)
    MX_ADC1_Init                             0x080049e1   Thumb Code    80  adc.o(i.MX_ADC1_Init)
    MX_GPIO_Init                             0x08004a39   Thumb Code   196  gpio.o(i.MX_GPIO_Init)
    MX_I2C2_Init                             0x08004b09   Thumb Code    48  i2c.o(i.MX_I2C2_Init)
    MX_SPI1_Init                             0x08004b45   Thumb Code    60  spi.o(i.MX_SPI1_Init)
    MX_TIM2_Init                             0x08004b89   Thumb Code   116  tim.o(i.MX_TIM2_Init)
    MX_TIM3_Init                             0x08004c01   Thumb Code   114  tim.o(i.MX_TIM3_Init)
    MX_TIM4_Init                             0x08004c7d   Thumb Code   170  tim.o(i.MX_TIM4_Init)
    MX_USART1_UART_Init                      0x08004d31   Thumb Code    46  usart.o(i.MX_USART1_UART_Init)
    MX_USART2_UART_Init                      0x08004d69   Thumb Code    46  usart.o(i.MX_USART2_UART_Init)
    MemManage_Handler                        0x08004da1   Thumb Code     4  stm32f1xx_it.o(i.MemManage_Handler)
    NMI_Handler                              0x08004da5   Thumb Code     4  stm32f1xx_it.o(i.NMI_Handler)
    OLED_Clear                               0x08004da9   Thumb Code    42  oled.o(i.OLED_Clear)
    OLED_DrawPoint                           0x08004dd9   Thumb Code   114  oled.o(i.OLED_DrawPoint)
    OLED_Init                                0x08004e51   Thumb Code   258  oled.o(i.OLED_Init)
    OLED_Refresh                             0x08004f59   Thumb Code    70  oled.o(i.OLED_Refresh)
    OLED_ShowChar                            0x08004fa5   Thumb Code   300  oled.o(i.OLED_ShowChar)
    OLED_ShowString                          0x080050e1   Thumb Code    74  oled.o(i.OLED_ShowString)
    OLED_WR_Byte                             0x0800512d   Thumb Code    74  oled.o(i.OLED_WR_Byte)
    SysTick_Handler                          0x080052ad   Thumb Code    16  stm32f1xx_it.o(i.SysTick_Handler)
    SystemClock_Config                       0x080052bd   Thumb Code   132  main.o(i.SystemClock_Config)
    SystemInit                               0x08005341   Thumb Code     2  system_stm32f1xx.o(i.SystemInit)
    TIM1_UP_IRQHandler                       0x08005345   Thumb Code    10  stm32f1xx_it.o(i.TIM1_UP_IRQHandler)
    TIM_Base_SetConfig                       0x08005355   Thumb Code   104  stm32f1xx_hal_tim.o(i.TIM_Base_SetConfig)
    TIM_CCxChannelCmd                        0x080053c9   Thumb Code    34  stm32f1xx_hal_tim.o(i.TIM_CCxChannelCmd)
    TIM_ETR_SetConfig                        0x080053eb   Thumb Code    22  stm32f1xx_hal_tim.o(i.TIM_ETR_SetConfig)
    TIM_OC2_SetConfig                        0x08005475   Thumb Code   100  stm32f1xx_hal_tim.o(i.TIM_OC2_SetConfig)
    UART_Start_Receive_IT                    0x08005875   Thumb Code    64  stm32f1xx_hal_uart.o(i.UART_Start_Receive_IT)
    USART1_IRQHandler                        0x080059a9   Thumb Code    10  stm32f1xx_it.o(i.USART1_IRQHandler)
    USART2_IRQHandler                        0x080059b9   Thumb Code    10  stm32f1xx_it.o(i.USART2_IRQHandler)
    UsageFault_Handler                       0x080059c9   Thumb Code     4  stm32f1xx_it.o(i.UsageFault_Handler)
    __0printf                                0x080059cd   Thumb Code    22  printfa.o(i.__0printf)
    __1printf                                0x080059cd   Thumb Code     0  printfa.o(i.__0printf)
    __2printf                                0x080059cd   Thumb Code     0  printfa.o(i.__0printf)
    __c89printf                              0x080059cd   Thumb Code     0  printfa.o(i.__0printf)
    printf                                   0x080059cd   Thumb Code     0  printfa.o(i.__0printf)
    __0sprintf                               0x080059ed   Thumb Code    34  printfa.o(i.__0sprintf)
    __1sprintf                               0x080059ed   Thumb Code     0  printfa.o(i.__0sprintf)
    __2sprintf                               0x080059ed   Thumb Code     0  printfa.o(i.__0sprintf)
    __c89sprintf                             0x080059ed   Thumb Code     0  printfa.o(i.__0sprintf)
    sprintf                                  0x080059ed   Thumb Code     0  printfa.o(i.__0sprintf)
    __ARM_fpclassify                         0x08005a15   Thumb Code    40  fpclassify.o(i.__ARM_fpclassify)
    __kernel_poly                            0x08005a75   Thumb Code   170  poly.o(i.__kernel_poly)
    __mathlib_dbl_infnan                     0x08005b1f   Thumb Code     6  dunder.o(i.__mathlib_dbl_infnan)
    __mathlib_dbl_infnan2                    0x08005b25   Thumb Code     4  dunder.o(i.__mathlib_dbl_infnan2)
    __mathlib_dbl_underflow                  0x08005b29   Thumb Code    10  dunder.o(i.__mathlib_dbl_underflow)
    __scatterload_copy                       0x08005b39   Thumb Code    14  handlers.o(i.__scatterload_copy)
    __scatterload_null                       0x08005b47   Thumb Code     2  handlers.o(i.__scatterload_null)
    __scatterload_zeroinit                   0x08005b49   Thumb Code    14  handlers.o(i.__scatterload_zeroinit)
    atan                                     0x08006415   Thumb Code   474  atan.o(i.atan)
    atan2                                    0x08006635   Thumb Code   346  atan2.o(i.atan2)
    fputc                                    0x080067b5   Thumb Code    22  usart.o(i.fputc)
    main                                     0x080067d1   Thumb Code   208  main.o(i.main)
    pvPortMalloc                             0x08006d1d   Thumb Code   208  heap_4.o(i.pvPortMalloc)
    pxPortInitialiseStack                    0x08006e01   Thumb Code    30  port.o(i.pxPortInitialiseStack)
    ulTaskGenericNotifyTake                  0x08006e25   Thumb Code   128  tasks.o(i.ulTaskGenericNotifyTake)
    uxListRemove                             0x08006ead   Thumb Code    40  list.o(i.uxListRemove)
    vListInitialise                          0x08006ed5   Thumb Code    26  list.o(i.vListInitialise)
    vListInitialiseItem                      0x08006eef   Thumb Code     6  list.o(i.vListInitialiseItem)
    vListInsert                              0x08006ef5   Thumb Code    52  list.o(i.vListInsert)
    vListInsertEnd                           0x08006f29   Thumb Code    24  list.o(i.vListInsertEnd)
    vPortEnterCritical                       0x08006f41   Thumb Code    30  port.o(i.vPortEnterCritical)
    vPortExitCritical                        0x08006f65   Thumb Code    28  port.o(i.vPortExitCritical)
    vPortFree                                0x08006f85   Thumb Code    68  heap_4.o(i.vPortFree)
    vPortSetupTimerInterrupt                 0x08006fd1   Thumb Code    20  port.o(i.vPortSetupTimerInterrupt)
    vTaskDelete                              0x08006fe9   Thumb Code   174  tasks.o(i.vTaskDelete)
    vTaskStartScheduler                      0x080070bd   Thumb Code    76  tasks.o(i.vTaskStartScheduler)
    vTaskSuspendAll                          0x08007129   Thumb Code    12  tasks.o(i.vTaskSuspendAll)
    vTaskSwitchContext                       0x08007139   Thumb Code    76  tasks.o(i.vTaskSwitchContext)
    xPortStartScheduler                      0x08007199   Thumb Code    42  port.o(i.xPortStartScheduler)
    xPortSysTickHandler                      0x080071cd   Thumb Code    46  port.o(i.xPortSysTickHandler)
    xTaskCreate                              0x08007201   Thumb Code   104  tasks.o(i.xTaskCreate)
    xTaskDelayUntil                          0x08007269   Thumb Code   108  tasks.o(i.xTaskDelayUntil)
    xTaskGenericNotify                       0x080072dd   Thumb Code   314  tasks.o(i.xTaskGenericNotify)
    xTaskGetSchedulerState                   0x08007429   Thumb Code    24  tasks.o(i.xTaskGetSchedulerState)
    xTaskGetTickCount                        0x08007449   Thumb Code     6  tasks.o(i.xTaskGetTickCount)
    xTaskIncrementTick                       0x08007455   Thumb Code   356  tasks.o(i.xTaskIncrementTick)
    xTaskResumeAll                           0x080075e5   Thumb Code   310  tasks.o(i.xTaskResumeAll)
    AHBPrescTable                            0x08007752   Data          16  system_stm32f1xx.o(.constdata)
    APBPrescTable                            0x08007762   Data           8  system_stm32f1xx.o(.constdata)
    asc2_0806                                0x0800776a   Data         552  oled.o(.constdata)
    asc2_1206                                0x08007992   Data        1140  oled.o(.constdata)
    asc2_1608                                0x08007e06   Data        1520  oled.o(.constdata)
    asc2_2412                                0x080083f6   Data        3420  oled.o(.constdata)
    Hzk1                                     0x08009152   Data         352  oled.o(.constdata)
    Hzk2                                     0x080092b2   Data          72  oled.o(.constdata)
    Hzk3                                     0x080092fa   Data         128  oled.o(.constdata)
    Hzk4                                     0x0800937a   Data         512  oled.o(.constdata)
    __mathlib_zero                           0x08009618   Data           8  qnan.o(.constdata)
    Region$$Table$$Base                      0x08009620   Number         0  anon$$obj.o(Region$$Table)
    Region$$Table$$Limit                     0x08009640   Number         0  anon$$obj.o(Region$$Table)
    uwTick                                   0x20000000   Data           4  stm32f1xx_hal.o(.data)
    uwTickPrio                               0x20000004   Data           4  stm32f1xx_hal.o(.data)
    uwTickFreq                               0x20000008   Data           1  stm32f1xx_hal.o(.data)
    SystemCoreClock                          0x2000000c   Data           4  system_stm32f1xx.o(.data)
    K1                                       0x20000010   Data           4  com_filter.o(.data)
    angle                                    0x20000014   Data           4  com_filter.o(.data)
    angle_dot                                0x20000018   Data           4  com_filter.o(.data)
    Q_angle                                  0x2000001c   Data           4  com_filter.o(.data)
    Q_gyro                                   0x20000020   Data           4  com_filter.o(.data)
    R_angle                                  0x20000024   Data           4  com_filter.o(.data)
    dt                                       0x20000028   Data           4  com_filter.o(.data)
    C_0                                      0x2000002c   Data           1  com_filter.o(.data)
    Q_bias                                   0x20000030   Data           4  com_filter.o(.data)
    Angle_err                                0x20000034   Data           4  com_filter.o(.data)
    PCt_0                                    0x20000038   Data           4  com_filter.o(.data)
    PCt_1                                    0x2000003c   Data           4  com_filter.o(.data)
    E                                        0x20000040   Data           4  com_filter.o(.data)
    K_0                                      0x20000044   Data           4  com_filter.o(.data)
    K_1                                      0x20000048   Data           4  com_filter.o(.data)
    t_0                                      0x2000004c   Data           4  com_filter.o(.data)
    t_1                                      0x20000050   Data           4  com_filter.o(.data)
    PP                                       0x20000054   Data          16  com_filter.o(.data)
    pxCurrentTCB                             0x2000006c   Data           4  tasks.o(.data)
    uxTopUsedPriority                        0x200000a4   Data           4  tasks.o(.data)
    gx                                       0x200000cc   Data           2  app_car.o(.data)
    gy                                       0x200000ce   Data           2  app_car.o(.data)
    gz                                       0x200000d0   Data           2  app_car.o(.data)
    ax                                       0x200000d2   Data           2  app_car.o(.data)
    ay                                       0x200000d4   Data           2  app_car.o(.data)
    az                                       0x200000d6   Data           2  app_car.o(.data)
    accel_angle                              0x200000d8   Data           4  app_car.o(.data)
    gyro_y                                   0x200000dc   Data           4  app_car.o(.data)
    ea                                       0x200000e0   Data           4  app_car.o(.data)
    eb                                       0x200000e4   Data           4  app_car.o(.data)
    bat_str                                  0x200000e8   Data           5  app_car.o(.data)
    ea_str                                   0x200000ed   Data           7  app_car.o(.data)
    eb_str                                   0x200000f4   Data           7  app_car.o(.data)
    angle_str                                0x200000fb   Data           7  app_car.o(.data)
    balance_kp                               0x20000104   Data           4  app_car.o(.data)
    balance_kd                               0x20000108   Data           4  app_car.o(.data)
    balance_angle                            0x2000010c   Data           4  app_car.o(.data)
    velocity_kp                              0x20000110   Data           4  app_car.o(.data)
    velocity_ki                              0x20000114   Data           4  app_car.o(.data)
    turn_kp                                  0x20000118   Data           4  app_car.o(.data)
    flag_up                                  0x2000011c   Data           1  app_car.o(.data)
    flag_down                                0x2000011d   Data           1  app_car.o(.data)
    flag_left                                0x2000011e   Data           1  app_car.o(.data)
    flag_right                               0x2000011f   Data           1  app_car.o(.data)
    remote_move                              0x20000120   Data           4  app_car.o(.data)
    remote_turn                              0x20000124   Data           4  app_car.o(.data)
    start_task_handle                        0x20000128   Data           4  app_task.o(.data)
    data_task_handle                         0x2000012c   Data           4  app_task.o(.data)
    pid_task_handle                          0x20000130   Data           4  app_task.o(.data)
    display_task_handle                      0x20000134   Data           4  app_task.o(.data)
    __stdout                                 0x20000138   Data           4  stdout.o(.data)
    buff                                     0x2000013c   Data         128  main.o(.bss)
    buff2                                    0x200001bc   Data         128  main.o(.bss)
    hadc1                                    0x2000023c   Data          48  adc.o(.bss)
    hi2c2                                    0x2000026c   Data          84  i2c.o(.bss)
    hspi1                                    0x200002c0   Data          88  spi.o(.bss)
    htim2                                    0x20000318   Data          72  tim.o(.bss)
    htim3                                    0x20000360   Data          72  tim.o(.bss)
    htim4                                    0x200003a8   Data          72  tim.o(.bss)
    huart1                                   0x200003f0   Data          72  usart.o(.bss)
    huart2                                   0x20000438   Data          72  usart.o(.bss)
    htim1                                    0x20000480   Data          72  stm32f1xx_hal_timebase_tim.o(.bss)
    OLED_GRAM                                0x200004c8   Data        1152  oled.o(.bss)
    Pdot                                     0x20000948   Data          16  com_filter.o(.bss)
    __initial_sp                             0x20004c40   Data           0  startup_stm32f103xb.o(STACK)



==============================================================================

Memory Map of the image

  Image Entry point : 0x080000ed

  Load Region LR_IROM1 (Base: 0x08000000, Size: 0x0000977c, Max: 0x00010000, ABSOLUTE, COMPRESSED[0x00009684])

    Execution Region ER_IROM1 (Exec base: 0x08000000, Load base: 0x08000000, Size: 0x00009640, Max: 0x00010000, ABSOLUTE)

    Exec Addr    Load Addr    Size         Type   Attr      Idx    E Section Name        Object

    0x08000000   0x08000000   0x000000ec   Data   RO            3    RESET               startup_stm32f103xb.o
    0x080000ec   0x080000ec   0x00000000   Code   RO         5484  * .ARM.Collect$$$$00000000  mc_w.l(entry.o)
    0x080000ec   0x080000ec   0x00000004   Code   RO         5809    .ARM.Collect$$$$00000001  mc_w.l(entry2.o)
    0x080000f0   0x080000f0   0x00000004   Code   RO         5812    .ARM.Collect$$$$00000004  mc_w.l(entry5.o)
    0x080000f4   0x080000f4   0x00000000   Code   RO         5814    .ARM.Collect$$$$00000008  mc_w.l(entry7b.o)
    0x080000f4   0x080000f4   0x00000000   Code   RO         5816    .ARM.Collect$$$$0000000A  mc_w.l(entry8b.o)
    0x080000f4   0x080000f4   0x00000008   Code   RO         5817    .ARM.Collect$$$$0000000B  mc_w.l(entry9a.o)
    0x080000fc   0x080000fc   0x00000000   Code   RO         5819    .ARM.Collect$$$$0000000D  mc_w.l(entry10a.o)
    0x080000fc   0x080000fc   0x00000000   Code   RO         5821    .ARM.Collect$$$$0000000F  mc_w.l(entry11a.o)
    0x080000fc   0x080000fc   0x00000004   Code   RO         5810    .ARM.Collect$$$$00002712  mc_w.l(entry2.o)
    0x08000100   0x08000100   0x00000096   Code   RO         5295    .emb_text           port.o
    0x08000196   0x08000196   0x00000002   PAD
    0x08000198   0x08000198   0x00000024   Code   RO            4    .text               startup_stm32f103xb.o
    0x080001bc   0x080001bc   0x00000020   Code   RO         5487    .text               mc_w.l(llushr.o)
    0x080001dc   0x080001dc   0x00000024   Code   RO         5491    .text               mc_w.l(memseta.o)
    0x08000200   0x08000200   0x000000b0   Code   RO         5756    .text               mf_w.l(fadd.o)
    0x080002b0   0x080002b0   0x00000064   Code   RO         5758    .text               mf_w.l(fmul.o)
    0x08000314   0x08000314   0x0000007c   Code   RO         5760    .text               mf_w.l(fdiv.o)
    0x08000390   0x08000390   0x0000014e   Code   RO         5762    .text               mf_w.l(dadd.o)
    0x080004de   0x080004de   0x000000e4   Code   RO         5764    .text               mf_w.l(dmul.o)
    0x080005c2   0x080005c2   0x000000de   Code   RO         5766    .text               mf_w.l(ddiv.o)
    0x080006a0   0x080006a0   0x00000012   Code   RO         5768    .text               mf_w.l(fflti.o)
    0x080006b2   0x080006b2   0x0000000a   Code   RO         5770    .text               mf_w.l(ffltui.o)
    0x080006bc   0x080006bc   0x00000022   Code   RO         5772    .text               mf_w.l(dflti.o)
    0x080006de   0x080006de   0x0000001a   Code   RO         5774    .text               mf_w.l(dfltui.o)
    0x080006f8   0x080006f8   0x00000032   Code   RO         5776    .text               mf_w.l(ffixi.o)
    0x0800072a   0x0800072a   0x0000003e   Code   RO         5778    .text               mf_w.l(dfixi.o)
    0x08000768   0x08000768   0x00000026   Code   RO         5780    .text               mf_w.l(f2d.o)
    0x0800078e   0x0800078e   0x00000038   Code   RO         5782    .text               mf_w.l(d2f.o)
    0x080007c6   0x080007c6   0x0000002c   Code   RO         5824    .text               mc_w.l(uidiv.o)
    0x080007f2   0x080007f2   0x00000062   Code   RO         5826    .text               mc_w.l(uldiv.o)
    0x08000854   0x08000854   0x0000001e   Code   RO         5828    .text               mc_w.l(llshl.o)
    0x08000872   0x08000872   0x00000024   Code   RO         5830    .text               mc_w.l(llsshr.o)
    0x08000896   0x08000896   0x00000000   Code   RO         5839    .text               mc_w.l(iusefp.o)
    0x08000896   0x08000896   0x0000006e   Code   RO         5840    .text               mf_w.l(fepilogue.o)
    0x08000904   0x08000904   0x000000ba   Code   RO         5842    .text               mf_w.l(depilogue.o)
    0x080009be   0x080009be   0x00000030   Code   RO         5844    .text               mf_w.l(dfixul.o)
    0x080009ee   0x080009ee   0x00000002   PAD
    0x080009f0   0x080009f0   0x00000030   Code   RO         5846    .text               mf_w.l(cdrcmple.o)
    0x08000a20   0x08000a20   0x00000024   Code   RO         5852    .text               mc_w.l(init.o)
    0x08000a44   0x08000a44   0x0000002e   Code   RO         5854    .text               mf_w.l(dscalb.o)
    0x08000a72   0x08000a72   0x0000003a   Code   RO         5864    .text               mc_w.l(__dczerorl.o)
    0x08000aac   0x08000aac   0x0000005c   Code   RO          701    i.ADC_ConversionStop_Disable  stm32f1xx_hal_adc.o
    0x08000b08   0x08000b08   0x00000090   Code   RO          705    i.ADC_Enable        stm32f1xx_hal_adc.o
    0x08000b98   0x08000b98   0x00000100   Code   RO         5369    i.App_Car_Display   app_car.o
    0x08000c98   0x08000c98   0x000000dc   Code   RO         5370    i.App_Car_GetAngle  app_car.o
    0x08000d74   0x08000d74   0x00000134   Code   RO         5371    i.App_Car_PID       app_car.o
    0x08000ea8   0x08000ea8   0x0000001c   Code   RO         5425    i.App_Task_Display  app_task.o
    0x08000ec4   0x08000ec4   0x00000034   Code   RO         5426    i.App_Task_GetData  app_task.o
    0x08000ef8   0x08000ef8   0x00000034   Code   RO         5427    i.App_Task_Init     app_task.o
    0x08000f2c   0x08000f2c   0x00000014   Code   RO         5428    i.App_Task_PID      app_task.o
    0x08000f40   0x08000f40   0x000000a0   Code   RO         5429    i.App_Task_Start    app_task.o
    0x08000fe0   0x08000fe0   0x00000004   Code   RO          520    i.BusFault_Handler  stm32f1xx_it.o
    0x08000fe4   0x08000fe4   0x00000278   Code   RO         4458    i.Com_Filter_Kalman  com_filter.o
    0x0800125c   0x0800125c   0x00000048   Code   RO         4477    i.Com_PID_Balance   com_pid.o
    0x080012a4   0x080012a4   0x00000020   Code   RO         4478    i.Com_PID_Turn      com_pid.o
    0x080012c4   0x080012c4   0x000000d8   Code   RO         4479    i.Com_PID_Velocity  com_pid.o
    0x0800139c   0x0800139c   0x00000002   Code   RO          521    i.DebugMon_Handler  stm32f1xx_it.o
    0x0800139e   0x0800139e   0x00000006   Code   RO           13    i.Error_Handler     main.o
    0x080013a4   0x080013a4   0x00000160   Code   RO          707    i.HAL_ADC_ConfigChannel  stm32f1xx_hal_adc.o
    0x08001504   0x08001504   0x00000008   Code   RO          714    i.HAL_ADC_GetValue  stm32f1xx_hal_adc.o
    0x0800150c   0x0800150c   0x00000144   Code   RO          716    i.HAL_ADC_Init      stm32f1xx_hal_adc.o
    0x08001650   0x08001650   0x00000070   Code   RO          269    i.HAL_ADC_MspInit   adc.o
    0x080016c0   0x080016c0   0x00000130   Code   RO          722    i.HAL_ADC_Start     stm32f1xx_hal_adc.o
    0x080017f0   0x080017f0   0x00000056   Code   RO         1363    i.HAL_DMA_Abort     stm32f1xx_hal_dma.o
    0x08001846   0x08001846   0x00000002   PAD
    0x08001848   0x08001848   0x000000b0   Code   RO         1364    i.HAL_DMA_Abort_IT  stm32f1xx_hal_dma.o
    0x080018f8   0x080018f8   0x00000028   Code   RO          984    i.HAL_Delay         stm32f1xx_hal.o
    0x08001920   0x08001920   0x00000320   Code   RO         1299    i.HAL_GPIO_Init     stm32f1xx_hal_gpio.o
    0x08001c40   0x08001c40   0x0000000c   Code   RO         1303    i.HAL_GPIO_WritePin  stm32f1xx_hal_gpio.o
    0x08001c4c   0x08001c4c   0x0000000c   Code   RO          988    i.HAL_GetTick       stm32f1xx_hal.o
    0x08001c58   0x08001c58   0x000001d0   Code   RO         1996    i.HAL_I2C_Init      stm32f1xx_hal_i2c.o
    0x08001e28   0x08001e28   0x00000364   Code   RO         2014    i.HAL_I2C_Mem_Read  stm32f1xx_hal_i2c.o
    0x0800218c   0x0800218c   0x00000164   Code   RO         2017    i.HAL_I2C_Mem_Write  stm32f1xx_hal_i2c.o
    0x080022f0   0x080022f0   0x00000078   Code   RO          311    i.HAL_I2C_MspInit   i2c.o
    0x08002368   0x08002368   0x00000018   Code   RO          994    i.HAL_IncTick       stm32f1xx_hal.o
    0x08002380   0x08002380   0x00000028   Code   RO          995    i.HAL_Init          stm32f1xx_hal.o
    0x080023a8   0x080023a8   0x000000a0   Code   RO          626    i.HAL_InitTick      stm32f1xx_hal_timebase_tim.o
    0x08002448   0x08002448   0x00000054   Code   RO          602    i.HAL_MspInit       stm32f1xx_hal_msp.o
    0x0800249c   0x0800249c   0x00000020   Code   RO         1459    i.HAL_NVIC_EnableIRQ  stm32f1xx_hal_cortex.o
    0x080024bc   0x080024bc   0x0000007c   Code   RO         1465    i.HAL_NVIC_SetPriority  stm32f1xx_hal_cortex.o
    0x08002538   0x08002538   0x00000028   Code   RO         1466    i.HAL_NVIC_SetPriorityGrouping  stm32f1xx_hal_cortex.o
    0x08002560   0x08002560   0x00000130   Code   RO         1261    i.HAL_RCCEx_PeriphCLKConfig  stm32f1xx_hal_rcc_ex.o
    0x08002690   0x08002690   0x0000018c   Code   RO         1152    i.HAL_RCC_ClockConfig  stm32f1xx_hal_rcc.o
    0x0800281c   0x0800281c   0x00000044   Code   RO         1156    i.HAL_RCC_GetClockConfig  stm32f1xx_hal_rcc.o
    0x08002860   0x08002860   0x0000000c   Code   RO         1157    i.HAL_RCC_GetHCLKFreq  stm32f1xx_hal_rcc.o
    0x0800286c   0x0800286c   0x00000020   Code   RO         1159    i.HAL_RCC_GetPCLK1Freq  stm32f1xx_hal_rcc.o
    0x0800288c   0x0800288c   0x00000020   Code   RO         1160    i.HAL_RCC_GetPCLK2Freq  stm32f1xx_hal_rcc.o
    0x080028ac   0x080028ac   0x00000070   Code   RO         1161    i.HAL_RCC_GetSysClockFreq  stm32f1xx_hal_rcc.o
    0x0800291c   0x0800291c   0x00000464   Code   RO         1164    i.HAL_RCC_OscConfig  stm32f1xx_hal_rcc.o
    0x08002d80   0x08002d80   0x000000be   Code   RO         2473    i.HAL_SPI_Init      stm32f1xx_hal_spi.o
    0x08002e3e   0x08002e3e   0x00000002   PAD
    0x08002e40   0x08002e40   0x00000074   Code   RO          353    i.HAL_SPI_MspInit   spi.o
    0x08002eb4   0x08002eb4   0x000001bc   Code   RO         2481    i.HAL_SPI_Transmit  stm32f1xx_hal_spi.o
    0x08003070   0x08003070   0x00000002   Code   RO         3501    i.HAL_TIMEx_BreakCallback  stm32f1xx_hal_tim_ex.o
    0x08003072   0x08003072   0x00000002   Code   RO         3502    i.HAL_TIMEx_CommutCallback  stm32f1xx_hal_tim_ex.o
    0x08003074   0x08003074   0x00000084   Code   RO         3520    i.HAL_TIMEx_MasterConfigSynchronization  stm32f1xx_hal_tim_ex.o
    0x080030f8   0x080030f8   0x00000066   Code   RO         2786    i.HAL_TIM_Base_Init  stm32f1xx_hal_tim.o
    0x0800315e   0x0800315e   0x00000002   PAD
    0x08003160   0x08003160   0x00000030   Code   RO          395    i.HAL_TIM_Base_MspInit  tim.o
    0x08003190   0x08003190   0x00000078   Code   RO         2791    i.HAL_TIM_Base_Start_IT  stm32f1xx_hal_tim.o
    0x08003208   0x08003208   0x0000010c   Code   RO         2795    i.HAL_TIM_ConfigClockSource  stm32f1xx_hal_tim.o
    0x08003314   0x08003314   0x000000c4   Code   RO         2807    i.HAL_TIM_Encoder_Init  stm32f1xx_hal_tim.o
    0x080033d8   0x080033d8   0x00000124   Code   RO          397    i.HAL_TIM_Encoder_MspInit  tim.o
    0x080034fc   0x080034fc   0x000000cc   Code   RO         2810    i.HAL_TIM_Encoder_Start  stm32f1xx_hal_tim.o
    0x080035c8   0x080035c8   0x00000002   Code   RO         2820    i.HAL_TIM_IC_CaptureCallback  stm32f1xx_hal_tim.o
    0x080035ca   0x080035ca   0x00000196   Code   RO         2834    i.HAL_TIM_IRQHandler  stm32f1xx_hal_tim.o
    0x08003760   0x08003760   0x00000058   Code   RO          398    i.HAL_TIM_MspPostInit  tim.o
    0x080037b8   0x080037b8   0x00000002   Code   RO         2837    i.HAL_TIM_OC_DelayElapsedCallback  stm32f1xx_hal_tim.o
    0x080037ba   0x080037ba   0x00000104   Code   RO         2858    i.HAL_TIM_PWM_ConfigChannel  stm32f1xx_hal_tim.o
    0x080038be   0x080038be   0x00000066   Code   RO         2861    i.HAL_TIM_PWM_Init  stm32f1xx_hal_tim.o
    0x08003924   0x08003924   0x00000002   Code   RO         2863    i.HAL_TIM_PWM_MspInit  stm32f1xx_hal_tim.o
    0x08003926   0x08003926   0x00000002   Code   RO         2864    i.HAL_TIM_PWM_PulseFinishedCallback  stm32f1xx_hal_tim.o
    0x08003928   0x08003928   0x000000d4   Code   RO         2866    i.HAL_TIM_PWM_Start  stm32f1xx_hal_tim.o
    0x080039fc   0x080039fc   0x00000018   Code   RO           14    i.HAL_TIM_PeriodElapsedCallback  main.o
    0x08003a14   0x08003a14   0x00000002   Code   RO         2877    i.HAL_TIM_TriggerCallback  stm32f1xx_hal_tim.o
    0x08003a16   0x08003a16   0x00000072   Code   RO         3779    i.HAL_UARTEx_ReceiveToIdle_IT  stm32f1xx_hal_uart.o
    0x08003a88   0x08003a88   0x00000180   Code   RO         5372    i.HAL_UARTEx_RxEventCallback  app_car.o
    0x08003c08   0x08003c08   0x00000002   Code   RO         3794    i.HAL_UART_ErrorCallback  stm32f1xx_hal_uart.o
    0x08003c0a   0x08003c0a   0x00000002   PAD
    0x08003c0c   0x08003c0c   0x000002e4   Code   RO         3797    i.HAL_UART_IRQHandler  stm32f1xx_hal_uart.o
    0x08003ef0   0x08003ef0   0x00000076   Code   RO         3798    i.HAL_UART_Init     stm32f1xx_hal_uart.o
    0x08003f66   0x08003f66   0x00000002   PAD
    0x08003f68   0x08003f68   0x00000110   Code   RO          467    i.HAL_UART_MspInit  usart.o
    0x08004078   0x08004078   0x00000002   Code   RO         3804    i.HAL_UART_RxCpltCallback  stm32f1xx_hal_uart.o
    0x0800407a   0x0800407a   0x000000b2   Code   RO         3806    i.HAL_UART_Transmit  stm32f1xx_hal_uart.o
    0x0800412c   0x0800412c   0x00000002   Code   RO         3809    i.HAL_UART_TxCpltCallback  stm32f1xx_hal_uart.o
    0x0800412e   0x0800412e   0x00000004   Code   RO          522    i.HardFault_Handler  stm32f1xx_it.o
    0x08004132   0x08004132   0x0000003e   Code   RO         2040    i.I2C_IsAcknowledgeFailed  stm32f1xx_hal_i2c.o
    0x08004170   0x08004170   0x00000160   Code   RO         2051    i.I2C_RequestMemoryRead  stm32f1xx_hal_i2c.o
    0x080042d0   0x080042d0   0x000000e0   Code   RO         2052    i.I2C_RequestMemoryWrite  stm32f1xx_hal_i2c.o
    0x080043b0   0x080043b0   0x00000066   Code   RO         2060    i.I2C_WaitOnBTFFlagUntilTimeout  stm32f1xx_hal_i2c.o
    0x08004416   0x08004416   0x000000be   Code   RO         2061    i.I2C_WaitOnFlagUntilTimeout  stm32f1xx_hal_i2c.o
    0x080044d4   0x080044d4   0x000000fa   Code   RO         2062    i.I2C_WaitOnMasterAddressFlagUntilTimeout  stm32f1xx_hal_i2c.o
    0x080045ce   0x080045ce   0x0000008a   Code   RO         2063    i.I2C_WaitOnRXNEFlagUntilTimeout  stm32f1xx_hal_i2c.o
    0x08004658   0x08004658   0x00000066   Code   RO         2066    i.I2C_WaitOnTXEFlagUntilTimeout  stm32f1xx_hal_i2c.o
    0x080046be   0x080046be   0x00000002   PAD
    0x080046c0   0x080046c0   0x00000040   Code   RO         4178    i.Int_Encoder_ReadCounter  int_encoder.o
    0x08004700   0x08004700   0x00000044   Code   RO         4205    i.Int_MPU6050_Get_Accel  int_mpu6050.o
    0x08004744   0x08004744   0x00000044   Code   RO         4206    i.Int_MPU6050_Get_Gyro  int_mpu6050.o
    0x08004788   0x08004788   0x0000006e   Code   RO         4207    i.Int_MPU6050_Init  int_mpu6050.o
    0x080047f6   0x080047f6   0x00000002   PAD
    0x080047f8   0x080047f8   0x00000024   Code   RO         4208    i.Int_MPU6050_ReadByte  int_mpu6050.o
    0x0800481c   0x0800481c   0x00000024   Code   RO         4209    i.Int_MPU6050_ReadBytes  int_mpu6050.o
    0x08004840   0x08004840   0x00000034   Code   RO         4210    i.Int_MPU6050_SetGyroRate  int_mpu6050.o
    0x08004874   0x08004874   0x00000044   Code   RO         4211    i.Int_MPU6050_Set_DLPF_CFG  int_mpu6050.o
    0x080048b8   0x080048b8   0x00000028   Code   RO         4212    i.Int_MPU6050_WriteByte  int_mpu6050.o
    0x080048e0   0x080048e0   0x00000054   Code   RO         4280    i.Int_TB6612_MotorA  int_tb6612.o
    0x08004934   0x08004934   0x00000054   Code   RO         4281    i.Int_TB6612_MotorB  int_tb6612.o
    0x08004988   0x08004988   0x00000058   Code   RO         4282    i.Int_TB6612_SetPWM  int_tb6612.o
    0x080049e0   0x080049e0   0x00000058   Code   RO          270    i.MX_ADC1_Init      adc.o
    0x08004a38   0x08004a38   0x000000d0   Code   RO          244    i.MX_GPIO_Init      gpio.o
    0x08004b08   0x08004b08   0x0000003c   Code   RO          312    i.MX_I2C2_Init      i2c.o
    0x08004b44   0x08004b44   0x00000044   Code   RO          354    i.MX_SPI1_Init      spi.o
    0x08004b88   0x08004b88   0x00000078   Code   RO          399    i.MX_TIM2_Init      tim.o
    0x08004c00   0x08004c00   0x0000007c   Code   RO          400    i.MX_TIM3_Init      tim.o
    0x08004c7c   0x08004c7c   0x000000b4   Code   RO          401    i.MX_TIM4_Init      tim.o
    0x08004d30   0x08004d30   0x00000038   Code   RO          468    i.MX_USART1_UART_Init  usart.o
    0x08004d68   0x08004d68   0x00000038   Code   RO          469    i.MX_USART2_UART_Init  usart.o
    0x08004da0   0x08004da0   0x00000004   Code   RO          523    i.MemManage_Handler  stm32f1xx_it.o
    0x08004da4   0x08004da4   0x00000004   Code   RO          524    i.NMI_Handler       stm32f1xx_it.o
    0x08004da8   0x08004da8   0x00000030   Code   RO         4319    i.OLED_Clear        oled.o
    0x08004dd8   0x08004dd8   0x00000078   Code   RO         4326    i.OLED_DrawPoint    oled.o
    0x08004e50   0x08004e50   0x00000108   Code   RO         4327    i.OLED_Init         oled.o
    0x08004f58   0x08004f58   0x0000004c   Code   RO         4329    i.OLED_Refresh      oled.o
    0x08004fa4   0x08004fa4   0x0000013c   Code   RO         4331    i.OLED_ShowChar     oled.o
    0x080050e0   0x080050e0   0x0000004a   Code   RO         4335    i.OLED_ShowString   oled.o
    0x0800512a   0x0800512a   0x00000002   PAD
    0x0800512c   0x0800512c   0x00000058   Code   RO         4336    i.OLED_WR_Byte      oled.o
    0x08005184   0x08005184   0x00000028   Code   RO         1165    i.RCC_Delay         stm32f1xx_hal_rcc.o
    0x080051ac   0x080051ac   0x00000028   Code   RO         2511    i.SPI_EndRxTxTransaction  stm32f1xx_hal_spi.o
    0x080051d4   0x080051d4   0x000000d8   Code   RO         2516    i.SPI_WaitFlagStateUntilTimeout  stm32f1xx_hal_spi.o
    0x080052ac   0x080052ac   0x00000010   Code   RO          525    i.SysTick_Handler   stm32f1xx_it.o
    0x080052bc   0x080052bc   0x00000084   Code   RO           15    i.SystemClock_Config  main.o
    0x08005340   0x08005340   0x00000002   Code   RO         4142    i.SystemInit        system_stm32f1xx.o
    0x08005342   0x08005342   0x00000002   PAD
    0x08005344   0x08005344   0x00000010   Code   RO          526    i.TIM1_UP_IRQHandler  stm32f1xx_it.o
    0x08005354   0x08005354   0x00000074   Code   RO         2879    i.TIM_Base_SetConfig  stm32f1xx_hal_tim.o
    0x080053c8   0x080053c8   0x00000022   Code   RO         2880    i.TIM_CCxChannelCmd  stm32f1xx_hal_tim.o
    0x080053ea   0x080053ea   0x00000016   Code   RO         2890    i.TIM_ETR_SetConfig  stm32f1xx_hal_tim.o
    0x08005400   0x08005400   0x00000012   Code   RO         2891    i.TIM_ITRx_SetConfig  stm32f1xx_hal_tim.o
    0x08005412   0x08005412   0x00000002   PAD
    0x08005414   0x08005414   0x00000060   Code   RO         2892    i.TIM_OC1_SetConfig  stm32f1xx_hal_tim.o
    0x08005474   0x08005474   0x00000068   Code   RO         2893    i.TIM_OC2_SetConfig  stm32f1xx_hal_tim.o
    0x080054dc   0x080054dc   0x00000068   Code   RO         2894    i.TIM_OC3_SetConfig  stm32f1xx_hal_tim.o
    0x08005544   0x08005544   0x00000048   Code   RO         2895    i.TIM_OC4_SetConfig  stm32f1xx_hal_tim.o
    0x0800558c   0x0800558c   0x00000026   Code   RO         2897    i.TIM_TI1_ConfigInputStage  stm32f1xx_hal_tim.o
    0x080055b2   0x080055b2   0x00000028   Code   RO         2899    i.TIM_TI2_ConfigInputStage  stm32f1xx_hal_tim.o
    0x080055da   0x080055da   0x00000014   Code   RO         3811    i.UART_DMAAbortOnError  stm32f1xx_hal_uart.o
    0x080055ee   0x080055ee   0x0000006c   Code   RO         3821    i.UART_EndRxTransfer  stm32f1xx_hal_uart.o
    0x0800565a   0x0800565a   0x00000020   Code   RO         3822    i.UART_EndTransmit_IT  stm32f1xx_hal_uart.o
    0x0800567a   0x0800567a   0x000000fc   Code   RO         3824    i.UART_Receive_IT   stm32f1xx_hal_uart.o
    0x08005776   0x08005776   0x00000002   PAD
    0x08005778   0x08005778   0x000000fc   Code   RO         3825    i.UART_SetConfig    stm32f1xx_hal_uart.o
    0x08005874   0x08005874   0x00000040   Code   RO         3827    i.UART_Start_Receive_IT  stm32f1xx_hal_uart.o
    0x080058b4   0x080058b4   0x00000060   Code   RO         3828    i.UART_Transmit_IT  stm32f1xx_hal_uart.o
    0x08005914   0x08005914   0x00000092   Code   RO         3829    i.UART_WaitOnFlagUntilTimeout  stm32f1xx_hal_uart.o
    0x080059a6   0x080059a6   0x00000002   PAD
    0x080059a8   0x080059a8   0x00000010   Code   RO          527    i.USART1_IRQHandler  stm32f1xx_it.o
    0x080059b8   0x080059b8   0x00000010   Code   RO          528    i.USART2_IRQHandler  stm32f1xx_it.o
    0x080059c8   0x080059c8   0x00000004   Code   RO          529    i.UsageFault_Handler  stm32f1xx_it.o
    0x080059cc   0x080059cc   0x00000020   Code   RO         5728    i.__0printf         mc_w.l(printfa.o)
    0x080059ec   0x080059ec   0x00000028   Code   RO         5730    i.__0sprintf        mc_w.l(printfa.o)
    0x08005a14   0x08005a14   0x00000028   Code   RO         5848    i.__ARM_fpclassify  m_ws.l(fpclassify.o)
    0x08005a3c   0x08005a3c   0x00000010   Code   RO         1472    i.__NVIC_GetPriorityGrouping  stm32f1xx_hal_cortex.o
    0x08005a4c   0x08005a4c   0x00000028   Code   RO         1473    i.__NVIC_SetPriority  stm32f1xx_hal_cortex.o
    0x08005a74   0x08005a74   0x000000aa   Code   RO         5850    i.__kernel_poly     m_ws.l(poly.o)
    0x08005b1e   0x08005b1e   0x00000006   Code   RO         5795    i.__mathlib_dbl_infnan  m_ws.l(dunder.o)
    0x08005b24   0x08005b24   0x00000004   Code   RO         5796    i.__mathlib_dbl_infnan2  m_ws.l(dunder.o)
    0x08005b28   0x08005b28   0x00000010   Code   RO         5800    i.__mathlib_dbl_underflow  m_ws.l(dunder.o)
    0x08005b38   0x08005b38   0x0000000e   Code   RO         5858    i.__scatterload_copy  mc_w.l(handlers.o)
    0x08005b46   0x08005b46   0x00000002   Code   RO         5859    i.__scatterload_null  mc_w.l(handlers.o)
    0x08005b48   0x08005b48   0x0000000e   Code   RO         5860    i.__scatterload_zeroinit  mc_w.l(handlers.o)
    0x08005b56   0x08005b56   0x00000002   PAD
    0x08005b58   0x08005b58   0x00000184   Code   RO         5735    i._fp_digits        mc_w.l(printfa.o)
    0x08005cdc   0x08005cdc   0x000006dc   Code   RO         5736    i._printf_core      mc_w.l(printfa.o)
    0x080063b8   0x080063b8   0x00000024   Code   RO         5737    i._printf_post_padding  mc_w.l(printfa.o)
    0x080063dc   0x080063dc   0x0000002e   Code   RO         5738    i._printf_pre_padding  mc_w.l(printfa.o)
    0x0800640a   0x0800640a   0x0000000a   Code   RO         5740    i._sputc            mc_w.l(printfa.o)
    0x08006414   0x08006414   0x00000220   Code   RO         5785    i.atan              m_ws.l(atan.o)
    0x08006634   0x08006634   0x00000180   Code   RO         5477    i.atan2             m_ws.l(atan2.o)
    0x080067b4   0x080067b4   0x0000001c   Code   RO          470    i.fputc             usart.o
    0x080067d0   0x080067d0   0x00000120   Code   RO           16    i.main              main.o
    0x080068f0   0x080068f0   0x000000c0   Code   RO         4922    i.prvAddCurrentTaskToDelayedList  tasks.o
    0x080069b0   0x080069b0   0x000000e4   Code   RO         4923    i.prvAddNewTaskToReadyList  tasks.o
    0x08006a94   0x08006a94   0x00000048   Code   RO         4924    i.prvCheckTasksWaitingTermination  tasks.o
    0x08006adc   0x08006adc   0x00000012   Code   RO         4925    i.prvDeleteTCB      tasks.o
    0x08006aee   0x08006aee   0x00000002   PAD
    0x08006af0   0x08006af0   0x00000070   Code   RO         5234    i.prvHeapInit       heap_4.o
    0x08006b60   0x08006b60   0x00000028   Code   RO         4926    i.prvIdleTask       tasks.o
    0x08006b88   0x08006b88   0x0000007a   Code   RO         4927    i.prvInitialiseNewTask  tasks.o
    0x08006c02   0x08006c02   0x00000002   PAD
    0x08006c04   0x08006c04   0x00000068   Code   RO         4928    i.prvInitialiseTaskLists  tasks.o
    0x08006c6c   0x08006c6c   0x00000068   Code   RO         5235    i.prvInsertBlockIntoFreeList  heap_4.o
    0x08006cd4   0x08006cd4   0x00000030   Code   RO         4929    i.prvResetNextTaskUnblockTime  tasks.o
    0x08006d04   0x08006d04   0x00000016   Code   RO         5296    i.prvTaskExitError  port.o
    0x08006d1a   0x08006d1a   0x00000002   PAD
    0x08006d1c   0x08006d1c   0x000000e4   Code   RO         5237    i.pvPortMalloc      heap_4.o
    0x08006e00   0x08006e00   0x00000024   Code   RO         5297    i.pxPortInitialiseStack  port.o
    0x08006e24   0x08006e24   0x00000088   Code   RO         4931    i.ulTaskGenericNotifyTake  tasks.o
    0x08006eac   0x08006eac   0x00000028   Code   RO         4603    i.uxListRemove      list.o
    0x08006ed4   0x08006ed4   0x0000001a   Code   RO         4604    i.vListInitialise   list.o
    0x08006eee   0x08006eee   0x00000006   Code   RO         4605    i.vListInitialiseItem  list.o
    0x08006ef4   0x08006ef4   0x00000034   Code   RO         4606    i.vListInsert       list.o
    0x08006f28   0x08006f28   0x00000018   Code   RO         4607    i.vListInsertEnd    list.o
    0x08006f40   0x08006f40   0x00000024   Code   RO         5299    i.vPortEnterCritical  port.o
    0x08006f64   0x08006f64   0x00000020   Code   RO         5300    i.vPortExitCritical  port.o
    0x08006f84   0x08006f84   0x0000004c   Code   RO         5238    i.vPortFree         heap_4.o
    0x08006fd0   0x08006fd0   0x00000018   Code   RO         5301    i.vPortSetupTimerInterrupt  port.o
    0x08006fe8   0x08006fe8   0x000000d4   Code   RO         4938    i.vTaskDelete       tasks.o
    0x080070bc   0x080070bc   0x0000006c   Code   RO         4949    i.vTaskStartScheduler  tasks.o
    0x08007128   0x08007128   0x00000010   Code   RO         4951    i.vTaskSuspendAll   tasks.o
    0x08007138   0x08007138   0x00000060   Code   RO         4952    i.vTaskSwitchContext  tasks.o
    0x08007198   0x08007198   0x00000034   Code   RO         5302    i.xPortStartScheduler  port.o
    0x080071cc   0x080071cc   0x00000034   Code   RO         5303    i.xPortSysTickHandler  port.o
    0x08007200   0x08007200   0x00000068   Code   RO         4955    i.xTaskCreate       tasks.o
    0x08007268   0x08007268   0x00000074   Code   RO         4956    i.xTaskDelayUntil   tasks.o
    0x080072dc   0x080072dc   0x0000014c   Code   RO         4957    i.xTaskGenericNotify  tasks.o
    0x08007428   0x08007428   0x00000020   Code   RO         4962    i.xTaskGetSchedulerState  tasks.o
    0x08007448   0x08007448   0x0000000c   Code   RO         4963    i.xTaskGetTickCount  tasks.o
    0x08007454   0x08007454   0x00000190   Code   RO         4965    i.xTaskIncrementTick  tasks.o
    0x080075e4   0x080075e4   0x0000015c   Code   RO         4967    i.xTaskResumeAll    tasks.o
    0x08007740   0x08007740   0x00000012   Data   RO         1166    .constdata          stm32f1xx_hal_rcc.o
    0x08007752   0x08007752   0x00000018   Data   RO         4143    .constdata          system_stm32f1xx.o
    0x0800776a   0x0800776a   0x00001e10   Data   RO         4338    .constdata          oled.o
    0x0800957a   0x0800957a   0x00000006   PAD
    0x08009580   0x08009580   0x00000098   Data   RO         5786    .constdata          m_ws.l(atan.o)
    0x08009618   0x08009618   0x00000008   Data   RO         5808    .constdata          m_ws.l(qnan.o)
    0x08009620   0x08009620   0x00000020   Data   RO         5856    Region$$Table       anon$$obj.o


    Execution Region RW_IRAM1 (Exec base: 0x20000000, Load base: 0x08009640, Size: 0x00004c40, Max: 0x00005000, ABSOLUTE, COMPRESSED[0x00000044])

    Exec Addr    Load Addr    Size         Type   Attr      Idx    E Section Name        Object

    0x20000000   COMPRESSED   0x00000009   Data   RW         1002    .data               stm32f1xx_hal.o
    0x20000009   COMPRESSED   0x00000003   PAD
    0x2000000c   COMPRESSED   0x00000004   Data   RW         4144    .data               system_stm32f1xx.o
    0x20000010   COMPRESSED   0x00000054   Data   RW         4460    .data               com_filter.o
    0x20000064   COMPRESSED   0x00000008   Data   RW         4480    .data               com_pid.o
    0x2000006c   COMPRESSED   0x00000040   Data   RW         4970    .data               tasks.o
    0x200000ac   COMPRESSED   0x0000001c   Data   RW         5244    .data               heap_4.o
    0x200000c8   COMPRESSED   0x00000004   Data   RW         5304    .data               port.o
    0x200000cc   COMPRESSED   0x0000005c   Data   RW         5373    .data               app_car.o
    0x20000128   COMPRESSED   0x00000010   Data   RW         5430    .data               app_task.o
    0x20000138   COMPRESSED   0x00000004   Data   RW         5823    .data               mc_w.l(stdout.o)
    0x2000013c        -       0x00000100   Zero   RW           17    .bss                main.o
    0x2000023c        -       0x00000030   Zero   RW          271    .bss                adc.o
    0x2000026c        -       0x00000054   Zero   RW          313    .bss                i2c.o
    0x200002c0        -       0x00000058   Zero   RW          355    .bss                spi.o
    0x20000318        -       0x000000d8   Zero   RW          402    .bss                tim.o
    0x200003f0        -       0x00000090   Zero   RW          471    .bss                usart.o
    0x20000480        -       0x00000048   Zero   RW          629    .bss                stm32f1xx_hal_timebase_tim.o
    0x200004c8        -       0x00000480   Zero   RW         4337    .bss                oled.o
    0x20000948        -       0x00000010   Zero   RW         4459    .bss                com_filter.o
    0x20000958        -       0x000002e4   Zero   RW         4969    .bss                tasks.o
    0x20000c3c        -       0x00003c00   Zero   RW         5243    .bss                heap_4.o
    0x2000483c   COMPRESSED   0x00000004   PAD
    0x20004840        -       0x00000400   Zero   RW            1    STACK               startup_stm32f103xb.o


==============================================================================

Image component sizes


      Code (inc. data)   RO Data    RW Data    ZI Data      Debug   Object Name

       200         22          0          0         48       1597   adc.o
      1168        304          0         92          0       3906   app_car.o
       312        110          0         16          0       2839   app_task.o
       632         74          0         84         16       1618   com_filter.o
       320         24          0          8          0       2144   com_pid.o
         0          0          0          0          0       1044   event_groups.o
       208         12          0          0          0        935   gpio.o
       520         58          0         28      15360       4475   heap_4.o
       180         26          0          0         84       1553   i2c.o
        64          8          0          0          0        558   int_encoder.o
       478         12          0          0          0       4958   int_mpu6050.o
       256         16          0          0          0       1648   int_tb6612.o
       148          0          0          0          0       3154   list.o
       450         86          0          0        256     473156   main.o
       986         54       7696          0       1152       7190   oled.o
       404         48          0          4          0       8856   port.o
       184         22          0          0         88       1565   spi.o
        36          8        236          0       1024        788   startup_stm32f103xb.o
       116         24          0          9          0       5150   stm32f1xx_hal.o
      1224         44          0          0          0       5212   stm32f1xx_hal_adc.o
       252         22          0          0          0      28590   stm32f1xx_hal_cortex.o
       262          4          0          0          0       1711   stm32f1xx_hal_dma.o
       812         34          0          0          0       2632   stm32f1xx_hal_gpio.o
      3108         52          0          0          0      11418   stm32f1xx_hal_i2c.o
        84          8          0          0          0        866   stm32f1xx_hal_msp.o
      1816        108         18          0          0       6461   stm32f1xx_hal_rcc.o
       304         14          0          0          0       1372   stm32f1xx_hal_rcc_ex.o
       890          6          0          0          0       4070   stm32f1xx_hal_spi.o
      2524         60          0          0          0      17275   stm32f1xx_hal_tim.o
       136         14          0          0          0       2373   stm32f1xx_hal_tim_ex.o
       160         22          0          0         72       1387   stm32f1xx_hal_timebase_tim.o
      2126          8          0          0          0      11945   stm32f1xx_hal_uart.o
        86         18          0          0          0       4336   stm32f1xx_it.o
         2          0         24          4          0       1079   system_stm32f1xx.o
      2736        348          0         64        740      29586   tasks.o
       852         66          0          0        216       4404   tim.o
       412         42          0          0        144       2743   usart.o

    ----------------------------------------------------------------------
     24480       1778       8012        312      19204     664594   Object Totals
         0          0         32          0          0          0   (incl. Generated)
        32          0          6          3          4          0   (incl. Padding)

    ----------------------------------------------------------------------

      Code (inc. data)   RO Data    RW Data    ZI Data      Debug   Library Member Name

       544         70        152          0          0        124   atan.o
       384         38          0          0          0        144   atan2.o
        26          6          0          0          0        204   dunder.o
        40          0          0          0          0         68   fpclassify.o
       170          0          0          0          0         96   poly.o
         0          0          8          0          0          0   qnan.o
        58          0          0          0          0          0   __dczerorl.o
         0          0          0          0          0          0   entry.o
         0          0          0          0          0          0   entry10a.o
         0          0          0          0          0          0   entry11a.o
         8          4          0          0          0          0   entry2.o
         4          0          0          0          0          0   entry5.o
         0          0          0          0          0          0   entry7b.o
         0          0          0          0          0          0   entry8b.o
         8          4          0          0          0          0   entry9a.o
        30          0          0          0          0          0   handlers.o
        36          8          0          0          0         68   init.o
         0          0          0          0          0          0   iusefp.o
        30          0          0          0          0         68   llshl.o
        36          0          0          0          0         68   llsshr.o
        32          0          0          0          0         68   llushr.o
        36          0          0          0          0        108   memseta.o
      2308         96          0          0          0        604   printfa.o
         0          0          0          4          0          0   stdout.o
        44          0          0          0          0         80   uidiv.o
        98          0          0          0          0         92   uldiv.o
        48          0          0          0          0         68   cdrcmple.o
        56          0          0          0          0         88   d2f.o
       334          0          0          0          0        148   dadd.o
       222          0          0          0          0        100   ddiv.o
       186          0          0          0          0        176   depilogue.o
        62          0          0          0          0         80   dfixi.o
        48          0          0          0          0         68   dfixul.o
        34          0          0          0          0         76   dflti.o
        26          0          0          0          0         76   dfltui.o
       228          0          0          0          0         96   dmul.o
        46          0          0          0          0         80   dscalb.o
        38          0          0          0          0         68   f2d.o
       176          0          0          0          0        140   fadd.o
       124          0          0          0          0         88   fdiv.o
       110          0          0          0          0        168   fepilogue.o
        50          0          0          0          0         68   ffixi.o
        18          0          0          0          0         68   fflti.o
        10          0          0          0          0         68   ffltui.o
       100          0          0          0          0         76   fmul.o

    ----------------------------------------------------------------------
      5812        226        160          4          0       3592   Library Totals
         4          0          0          0          0          0   (incl. Padding)

    ----------------------------------------------------------------------

      Code (inc. data)   RO Data    RW Data    ZI Data      Debug   Library Name

      1164        114        160          0          0        636   m_ws.l
      2728        112          0          4          0       1156   mc_w.l
      1916          0          0          0          0       1800   mf_w.l

    ----------------------------------------------------------------------
      5812        226        160          4          0       3592   Library Totals

    ----------------------------------------------------------------------

==============================================================================


      Code (inc. data)   RO Data    RW Data    ZI Data      Debug   

     30292       2004       8172        316      19204     656978   Grand Totals
     30292       2004       8172         68      19204     656978   ELF Image Totals (compressed)
     30292       2004       8172         68          0          0   ROM Totals

==============================================================================

    Total RO  Size (Code + RO Data)                38464 (  37.56kB)
    Total RW  Size (RW Data + ZI Data)             19520 (  19.06kB)
    Total ROM Size (Code + RO Data + RW Data)      38532 (  37.63kB)

==============================================================================

